Component: ARM Compiler 5.06 update 6 (build 750) Tool: armlink [4d35ed]

==============================================================================

Section Cross References

    startup_gd32f3x0.o(STACK) refers (Special) to heapauxi.o(.text) for __use_two_region_memory
    startup_gd32f3x0.o(HEAP) refers (Special) to heapauxi.o(.text) for __use_two_region_memory
    startup_gd32f3x0.o(RESET) refers (Special) to heapauxi.o(.text) for __use_two_region_memory
    startup_gd32f3x0.o(RESET) refers to startup_gd32f3x0.o(STACK) for __initial_sp
    startup_gd32f3x0.o(RESET) refers to startup_gd32f3x0.o(.text) for Reset_Handler
    startup_gd32f3x0.o(RESET) refers to gd32f3x0_it.o(i.NMI_Handler) for NMI_Handler
    startup_gd32f3x0.o(RESET) refers to gd32f3x0_it.o(i.HardFault_Handler) for HardFault_Handler
    startup_gd32f3x0.o(RESET) refers to gd32f3x0_it.o(i.MemManage_Handler) for MemManage_Handler
    startup_gd32f3x0.o(RESET) refers to gd32f3x0_it.o(i.BusFault_Handler) for BusFault_Handler
    startup_gd32f3x0.o(RESET) refers to gd32f3x0_it.o(i.UsageFault_Handler) for UsageFault_Handler
    startup_gd32f3x0.o(RESET) refers to gd32f3x0_it.o(i.SVC_Handler) for SVC_Handler
    startup_gd32f3x0.o(RESET) refers to gd32f3x0_it.o(i.DebugMon_Handler) for DebugMon_Handler
    startup_gd32f3x0.o(RESET) refers to gd32f3x0_it.o(i.PendSV_Handler) for PendSV_Handler
    startup_gd32f3x0.o(RESET) refers to gd32f3x0_it.o(i.SysTick_Handler) for SysTick_Handler
    startup_gd32f3x0.o(RESET) refers to bsp_uart_midi.o(i.DMA_Channel1_2_IRQHandler) for DMA_Channel1_2_IRQHandler
    startup_gd32f3x0.o(RESET) refers to gd32f3x0_it.o(i.TIMER2_IRQHandler) for TIMER2_IRQHandler
    startup_gd32f3x0.o(RESET) refers to bsp_usb_midi.o(i.USBFS_IRQHandler) for USBFS_IRQHandler
    startup_gd32f3x0.o(.text) refers (Special) to heapauxi.o(.text) for __use_two_region_memory
    startup_gd32f3x0.o(.text) refers to system_gd32f3x0.o(i.SystemInit) for SystemInit
    startup_gd32f3x0.o(.text) refers to __main.o(!!!main) for __main
    startup_gd32f3x0.o(.text) refers to startup_gd32f3x0.o(HEAP) for Heap_Mem
    startup_gd32f3x0.o(.text) refers to startup_gd32f3x0.o(STACK) for Stack_Mem
    main.o(i.main) refers to bsp_system.o(i.bsp_system_init) for bsp_system_init
    main.o(i.main) refers to midi_router.o(i.router_init) for router_init
    main.o(i.main) refers to dfu_engine.o(i.dfu_init) for dfu_init
    main.o(i.main) refers to dfu_engine.o(i.dfu_set_callbacks) for dfu_set_callbacks
    main.o(i.main) refers to bsp_uart_midi.o(i.bsp_uart_midi_init) for bsp_uart_midi_init
    main.o(i.main) refers to bsp_usb_midi.o(i.bsp_usb_init) for bsp_usb_init
    main.o(i.main) refers to uart_midi_bridge.o(i.uart_bridge_init) for uart_bridge_init
    main.o(i.main) refers to usb_midi_bridge.o(i.usb_bridge_init) for usb_bridge_init
    main.o(i.main) refers to midi_router.o(i.router_set_sysex_cb) for router_set_sysex_cb
    main.o(i.main) refers to midi_router.o(i.router_poll_all) for router_poll_all
    main.o(i.main) refers to usb_midi_bridge.o(i.usb_bridge_drain_tx) for usb_bridge_drain_tx
    main.o(i.main) refers to uart_midi_bridge.o(i.uart_bridge_drain_tx) for uart_bridge_drain_tx
    main.o(i.main) refers to main.o(.bss) for s_dfu
    main.o(i.main) refers to main.o(i.on_dfu_complete) for on_dfu_complete
    main.o(i.main) refers to main.o(i.on_dfu_progress) for on_dfu_progress
    main.o(i.main) refers to main.o(i.on_sysex_rx) for on_sysex_rx
    main.o(i.on_sysex_rx) refers to dfu_engine.o(i.dfu_process_sysex) for dfu_process_sysex
    main.o(i.on_sysex_rx) refers to main.o(.bss) for s_dfu
    usb_midi_bridge.o(i.usb_bridge_drain_tx) refers to bsp_usb_midi.o(i.bsp_usb_is_configured) for bsp_usb_is_configured
    usb_midi_bridge.o(i.usb_bridge_drain_tx) refers to bsp_usb_midi.o(i.bsp_usb_tx_ready) for bsp_usb_tx_ready
    usb_midi_bridge.o(i.usb_bridge_drain_tx) refers to ring_buffer.o(i.rb_avail) for rb_avail
    usb_midi_bridge.o(i.usb_bridge_drain_tx) refers to midi_parser.o(i.midi_parser_init) for midi_parser_init
    usb_midi_bridge.o(i.usb_bridge_drain_tx) refers to ring_buffer.o(i.rb_pop) for rb_pop
    usb_midi_bridge.o(i.usb_bridge_drain_tx) refers to midi_parser.o(i.midi_parse) for midi_parse
    usb_midi_bridge.o(i.usb_bridge_drain_tx) refers to usb_midi_codec.o(i.usb_midi_enc) for usb_midi_enc
    usb_midi_bridge.o(i.usb_bridge_drain_tx) refers to bsp_usb_midi.o(i.bsp_usb_send) for bsp_usb_send
    usb_midi_bridge.o(i.usb_bridge_drain_tx) refers to main.o(.bss) for g_usb_tx
    usb_midi_bridge.o(i.usb_bridge_drain_tx) refers to usb_midi_bridge.o(.data) for s_tx_parser_inited
    usb_midi_bridge.o(i.usb_bridge_init) refers to ring_buffer.o(i.rb_init) for rb_init
    usb_midi_bridge.o(i.usb_bridge_init) refers to bsp_usb_midi.o(i.bsp_usb_set_rx_callback) for bsp_usb_set_rx_callback
    usb_midi_bridge.o(i.usb_bridge_init) refers to rt_memcpy_w.o(.text) for __aeabi_memcpy4
[...]
    i.sx_reset                               0x0800266c   Section        0  sysex_assembler.o(i.sx_reset)
    i.system_clock_96m_hxtal                 0x08002678   Section        0  system_gd32f3x0.o(i.system_clock_96m_hxtal)
    system_clock_96m_hxtal                   0x08002679   Thumb Code   202  system_gd32f3x0.o(i.system_clock_96m_hxtal)
    i.system_clock_config                    0x08002754   Section        0  system_gd32f3x0.o(i.system_clock_config)
    system_clock_config                      0x08002755   Thumb Code     8  system_gd32f3x0.o(i.system_clock_config)
    i.timer_auto_reload_shadow_enable        0x0800275c   Section        0  gd32f3x0_timer.o(i.timer_auto_reload_shadow_enable)
    i.timer_disable                          0x08002766   Section        0  gd32f3x0_timer.o(i.timer_disable)
    i.timer_enable                           0x08002770   Section        0  gd32f3x0_timer.o(i.timer_enable)
    i.timer_init                             0x0800277c   Section        0  gd32f3x0_timer.o(i.timer_init)
    i.timer_interrupt_disable                0x08002828   Section        0  gd32f3x0_timer.o(i.timer_interrupt_disable)
    i.timer_interrupt_enable                 0x08002830   Section        0  gd32f3x0_timer.o(i.timer_interrupt_enable)
    i.timer_interrupt_flag_clear             0x08002838   Section        0  gd32f3x0_timer.o(i.timer_interrupt_flag_clear)
    i.timer_interrupt_flag_get               0x0800283e   Section        0  gd32f3x0_timer.o(i.timer_interrupt_flag_get)
    i.uart_bridge_drain_tx                   0x0800285c   Section        0  uart_midi_bridge.o(i.uart_bridge_drain_tx)
    i.uart_bridge_init                       0x08002898   Section        0  uart_midi_bridge.o(i.uart_bridge_init)
    i.uart_port_poll                         0x080028d0   Section        0  uart_midi_bridge.o(i.uart_port_poll)
    uart_port_poll                           0x080028d1   Thumb Code    44  uart_midi_bridge.o(i.uart_port_poll)
    i.uart_port_send                         0x080028fc   Section        0  uart_midi_bridge.o(i.uart_port_send)
    uart_port_send                           0x080028fd   Thumb Code    18  uart_midi_bridge.o(i.uart_port_send)
    i.usart_baudrate_set                     0x08002914   Section        0  gd32f3x0_usart.o(i.usart_baudrate_set)
    i.usart_deinit                           0x08002990   Section        0  gd32f3x0_usart.o(i.usart_deinit)
    i.usart_dma_receive_config               0x080029d0   Section        0  gd32f3x0_usart.o(i.usart_dma_receive_config)
    i.usart_dma_transmit_config              0x080029e4   Section        0  gd32f3x0_usart.o(i.usart_dma_transmit_config)
    i.usart_enable                           0x080029f8   Section        0  gd32f3x0_usart.o(i.usart_enable)
    i.usart_interrupt_enable                 0x08002a02   Section        0  gd32f3x0_usart.o(i.usart_interrupt_enable)
    i.usart_parity_config                    0x08002a1c   Section        0  gd32f3x0_usart.o(i.usart_parity_config)
    i.usart_receive_config                   0x08002a34   Section        0  gd32f3x0_usart.o(i.usart_receive_config)
    i.usart_stop_bit_set                     0x08002a44   Section        0  gd32f3x0_usart.o(i.usart_stop_bit_set)
    i.usart_transmit_config                  0x08002a5c   Section        0  gd32f3x0_usart.o(i.usart_transmit_config)
    i.usart_word_length_set                  0x08002a6c   Section        0  gd32f3x0_usart.o(i.usart_word_length_set)
    i.usb_basic_init                         0x08002a84   Section        0  drv_usb_core.o(i.usb_basic_init)
    i.usb_bridge_drain_tx                    0x08002b4c   Section        0  usb_midi_bridge.o(i.usb_bridge_drain_tx)
    i.usb_bridge_init                        0x08002c14   Section        0  usb_midi_bridge.o(i.usb_bridge_init)
    i.usb_clock_init                         0x08002c68   Section        0  bsp_usb_midi.o(i.usb_clock_init)
    usb_clock_init                           0x08002c69   Thumb Code    12  bsp_usb_midi.o(i.usb_clock_init)
    i.usb_core_init                          0x08002c74   Section        0  drv_usb_core.o(i.usb_core_init)
    i.usb_core_reset                         0x08002d00   Section        0  drv_usb_core.o(i.usb_core_reset)
    usb_core_reset                           0x08002d01   Thumb Code    38  drv_usb_core.o(i.usb_core_reset)
    i.usb_ctlep_startout                     0x08002d28   Section        0  drv_usb_dev.o(i.usb_ctlep_startout)
    i.usb_curmode_set                        0x08002d34   Section        0  drv_usb_core.o(i.usb_curmode_set)
    i.usb_devcore_init                       0x08002d64   Section        0  drv_usb_dev.o(i.usb_devcore_init)
    i.usb_devint_enable                      0x08002eb0   Section        0  drv_usb_dev.o(i.usb_devint_enable)
    i.usb_gpio_init                          0x08002ef0   Section        0  bsp_usb_midi.o(i.usb_gpio_init)
    usb_gpio_init                            0x08002ef1   Thumb Code    58  bsp_usb_midi.o(i.usb_gpio_init)
    i.usb_iepintr_read                       0x08002f2a   Section        0  drv_usb_dev.o(i.usb_iepintr_read)
    i.usb_irq_init                           0x08002f54   Section        0  bsp_usb_midi.o(i.usb_irq_init)
    usb_irq_init                             0x08002f55   Thumb Code    14  bsp_usb_midi.o(i.usb_irq_init)
    i.usb_mdelay                             0x08002f62   Section        0  drv_usb_hw.o(i.usb_mdelay)
    i.usb_midi_dec                           0x08002f70   Section        0  usb_midi_codec.o(i.usb_midi_dec)
    i.usb_midi_enc                           0x08002fcc   Section        0  usb_midi_codec.o(i.usb_midi_enc)
    i.usb_midi_enc_sysex                     0x08002ffc   Section        0  usb_midi_codec.o(i.usb_midi_enc_sysex)
    i.usb_midi_send                          0x080030f0   Section        0  usb_midi_class.o(i.usb_midi_send)
    i.usb_midi_set_rx_cb                     0x08003140   Section        0  usb_midi_class.o(i.usb_midi_set_rx_cb)
    i.usb_midi_tx_ready                      0x0800314c   Section        0  usb_midi_class.o(i.usb_midi_tx_ready)
    i.usb_port_poll                          0x08003170   Section        0  usb_midi_bridge.o(i.usb_port_poll)
    usb_port_poll                            0x08003171   Thumb Code   306  usb_midi_bridge.o(i.usb_port_poll)
    i.usb_port_send                          0x080032a8   Section        0  usb_midi_bridge.o(i.usb_port_send)
    usb_port_send                            0x080032a9   Thumb Code   210  usb_midi_bridge.o(i.usb_port_send)
    i.usb_rx_isr_cb                          0x08003380   Section        0  usb_midi_bridge.o(i.usb_rx_isr_cb)
    usb_rx_isr_cb                            0x08003381   Thumb Code    20  usb_midi_bridge.o(i.usb_rx_isr_cb)
    i.usb_rxfifo_flush                       0x08003398   Section        0  drv_usb_core.o(i.usb_rxfifo_flush)
    i.usb_rxfifo_read                        0x080033ba   Section        0  drv_usb_core.o(i.usb_rxfifo_read)
    i.usb_set_txfifo                         0x080033d8   Section        0  drv_usb_core.o(i.usb_set_txfifo)
    i.usb_timer_irq                          0x08003420   Section        0  drv_usb_hw.o(i.usb_timer_irq)
    i.usb_transc_active                      0x08003458   Section        0  drv_usb_dev.o(i.usb_transc_active)
    i.usb_transc_clrstall                    0x080034ec   Section        0  drv_usb_dev.o(i.usb_transc_clrstall)
    i.usb_transc_deactivate                  0x08003530   Section        0  drv_usb_dev.o(i.usb_transc_deactivate)
    i.usb_transc_inxfer                      0x08003594   Section        0  drv_usb_dev.o(i.usb_transc_inxfer)
    i.usb_transc_outxfer                     0x0800368e   Section        0  drv_usb_dev.o(i.usb_transc_outxfer)
    i.usb_transc_stall                       0x0800370c   Section        0  drv_usb_dev.o(i.usb_transc_stall)
    i.usb_txfifo_flush                       0x0800374e   Section        0  drv_usb_core.o(i.usb_txfifo_flush)
    i.usb_txfifo_write                       0x08003776   Section        0  drv_usb_core.o(i.usb_txfifo_write)
    i.usb_udelay                             0x08003798   Section        0  drv_usb_hw.o(i.usb_udelay)
    i.usbd_class_request                     0x080037a6   Section        0  usbd_enum.o(i.usbd_class_request)
    i.usbd_connect                           0x080037cc   Section        0  usbd_core.o(i.usbd_connect)
    i.usbd_ctl_recev                         0x080037e8   Section        0  usbd_transc.o(i.usbd_ctl_recev)
    i.usbd_ctl_send                          0x08003816   Section        0  usbd_transc.o(i.usbd_ctl_send)
    i.usbd_ctl_status_recev                  0x08003844   Section        0  usbd_transc.o(i.usbd_ctl_status_recev)
    i.usbd_ctl_status_send                   0x08003864   Section        0  usbd_transc.o(i.usbd_ctl_status_send)
    i.usbd_disconnect                        0x08003884   Section        0  usbd_core.o(i.usbd_disconnect)
    i.usbd_emptytxfifo_write                 0x080038a0   Section        0  drv_usbd_int.o(i.usbd_emptytxfifo_write)
    usbd_emptytxfifo_write                   0x080038a1   Thumb Code   140  drv_usbd_int.o(i.usbd_emptytxfifo_write)
    i.usbd_enum_error                        0x0800392c   Section        0  usbd_enum.o(i.usbd_enum_error)
    i.usbd_ep_clear                          0x0800394a   Section        0  usbd_core.o(i.usbd_ep_clear)
    i.usbd_ep_recev                          0x0800397e   Section        0  usbd_core.o(i.usbd_ep_recev)
    i.usbd_ep_send                           0x080039b2   Section        0  usbd_core.o(i.usbd_ep_send)
    i.usbd_ep_setup                          0x080039e8   Section        0  usbd_core.o(i.usbd_ep_setup)
    i.usbd_ep_stall                          0x08003a58   Section        0  usbd_core.o(i.usbd_ep_stall)
    i.usbd_ep_stall_clear                    0x08003a92   Section        0  usbd_core.o(i.usbd_ep_stall_clear)
    i.usbd_in_transc                         0x08003acc   Section        0  usbd_transc.o(i.usbd_in_transc)
    i.usbd_init                              0x08003b5e   Section        0  usbd_core.o(i.usbd_init)
    i.usbd_int_enumfinish                    0x08003be8   Section        0  drv_usbd_int.o(i.usbd_int_enumfinish)
    usbd_int_enumfinish                      0x08003be9   Thumb Code    98  drv_usbd_int.o(i.usbd_int_enumfinish)
    i.usbd_int_epin                          0x08003c50   Section        0  drv_usbd_int.o(i.usbd_int_epin)
    usbd_int_epin                            0x08003c51   Thumb Code   116  drv_usbd_int.o(i.usbd_int_epin)
    i.usbd_int_epout                         0x08003cc4   Section        0  drv_usbd_int.o(i.usbd_int_epout)
    usbd_int_epout                           0x08003cc5   Thumb Code   140  drv_usbd_int.o(i.usbd_int_epout)
    i.usbd_int_reset                         0x08003d54   Section        0  drv_usbd_int.o(i.usbd_int_reset)
    usbd_int_reset                           0x08003d55   Thumb Code   208  drv_usbd_int.o(i.usbd_int_reset)
    i.usbd_int_rxfifo                        0x08003e2c   Section        0  drv_usbd_int.o(i.usbd_int_rxfifo)
    usbd_int_rxfifo                          0x08003e2d   Thumb Code   184  drv_usbd_int.o(i.usbd_int_rxfifo)
    i.usbd_int_suspend                       0x08003ee8   Section        0  drv_usbd_int.o(i.usbd_int_suspend)
    usbd_int_suspend                         0x08003ee9   Thumb Code   104  drv_usbd_int.o(i.usbd_int_suspend)
    i.usbd_isr                               0x08003f50   Section        0  drv_usbd_int.o(i.usbd_isr)
    i.usbd_out_transc                        0x08004060   Section        0  usbd_transc.o(i.usbd_out_transc)
    i.usbd_setup_transc                      0x080040d6   Section        0  usbd_transc.o(i.usbd_setup_transc)
    i.usbd_standard_request                  0x0800415c   Section        0  usbd_enum.o(i.usbd_standard_request)
    i.usbd_vendor_request                    0x08004178   Section        0  usbd_enum.o(i.usbd_vendor_request)
    x$fpl$fpinit                             0x0800417e   Section       10  fpinit.o(x$fpl$fpinit)
    $v0                                      0x0800417e   Number         0  fpinit.o(x$fpl$fpinit)
    .constdata                               0x08004188   Section       20  usb_midi_bridge.o(.constdata)
    .constdata                               0x0800419c   Section       20  uart_midi_bridge.o(.constdata)
    .constdata                               0x080041b0   Section      136  usb_midi_desc.o(.constdata)
    .constdata                               0x08004238   Section       14  usb_midi_class.o(.constdata)
    ep_out                                   0x08004238   Data           7  usb_midi_class.o(.constdata)
    ep_in                                    0x0800423f   Data           7  usb_midi_class.o(.constdata)
    .constdata                               0x08004248   Section       14  midi_router.o(.constdata)
    .constdata                               0x08004258   Section       52  drv_usbd_int.o(.constdata)
    USB_SPEED                                0x08004258   Data           4  drv_usbd_int.o(.constdata)
    <Data1>                                  0x0800425c   Data          24  drv_usbd_int.o(.constdata)
    <Data2>                                  0x08004274   Data          24  drv_usbd_int.o(.constdata)
    .constdata                               0x0800428c   Section        4  drv_usb_dev.o(.constdata)
    EP0_MAXLEN                               0x0800428c   Data           4  drv_usb_dev.o(.constdata)
    .constdata                               0x08004290   Section       16  usbd_core.o(.constdata)
    .data                                    0x20000000   Section        8  usb_midi_bridge.o(.data)
    s_tx_parser                              0x20000000   Data           7  usb_midi_bridge.o(.data)
    s_tx_parser_inited                       0x20000007   Data           1  usb_midi_bridge.o(.data)
    .data                                    0x20000008   Section        4  bsp_system.o(.data)
    s_tick                                   0x20000008   Data           4  bsp_system.o(.data)
    .data                                    0x2000000c   Section        5  bsp_uart_midi.o(.data)
    s_rx_head                                0x2000000c   Data           2  bsp_uart_midi.o(.data)
    s_rx_tail                                0x2000000e   Data           2  bsp_uart_midi.o(.data)
    s_tx_busy                                0x20000010   Data           1  bsp_uart_midi.o(.data)
    .data                                    0x20000014   Section       16  bsp_usb_midi.o(.data)
    midi_desc                                0x20000014   Data          16  bsp_usb_midi.o(.data)
    .data                                    0x20000024   Section     1032  usb_midi_desc.o(.data)
    s_langid                                 0x20000024   Data         258  usb_midi_desc.o(.data)
    s_mfr                                    0x20000126   Data         258  usb_midi_desc.o(.data)
    s_prod                                   0x20000228   Data         258  usb_midi_desc.o(.data)
    s_serial                                 0x2000032a   Data         258  usb_midi_desc.o(.data)
    .data                                    0x2000042c   Section       48  usb_midi_class.o(.data)
    .data                                    0x2000045c   Section       12  drv_usb_hw.o(.data)
    .data                                    0x20000468   Section        8  midi_router.o(.data)
    s_rx_cb                                  0x20000468   Data           4  midi_router.o(.data)
    s_sx_cb                                  0x2000046c   Data           4  midi_router.o(.data)
    .data                                    0x20000470   Section        4  sysex_assembler.o(.data)
    s_cb                                     0x20000470   Data           4  sysex_assembler.o(.data)
    .data                                    0x20000474   Section        8  dfu_engine.o(.data)
    s_pcb                                    0x20000474   Data           4  dfu_engine.o(.data)
    s_ccb                                    0x20000478   Data           4  dfu_engine.o(.data)
    .data                                    0x2000047c   Section        4  system_gd32f3x0.o(.data)
    .data                                    0x20000480   Section        1  drv_usbd_int.o(.data)
    .data                                    0x20000482   Section        8  drv_usb_dev.o(.data)
    USBFS_TX_FIFO_SIZE                       0x20000482   Data           8  drv_usb_dev.o(.data)
    .data                                    0x2000048c   Section       67  usbd_enum.o(.data)
    _std_dev_req                             0x2000048c   Data          52  usbd_enum.o(.data)
    std_desc_get                             0x200004c0   Data          12  usbd_enum.o(.data)
    status                                   0x200004cc   Data           2  usbd_enum.o(.data)
    config                                   0x200004ce   Data           1  usbd_enum.o(.data)
    .bss                                     0x200004d0   Section     1572  main.o(.bss)
    s_dfu                                    0x200006d8   Data        1052  main.o(.bss)
    .bss                                     0x20000af4   Section       20  usb_midi_bridge.o(.bss)
    s_usb_port                               0x20000af4   Data          20  usb_midi_bridge.o(.bss)
    .bss                                     0x20000b08   Section      280  uart_midi_bridge.o(.bss)
    s_uart_tx                                0x20000b08   Data         260  uart_midi_bridge.o(.bss)
    s_uart_port                              0x20000c0c   Data          20  uart_midi_bridge.o(.bss)
    .bss                                     0x20000c20   Section      512  bsp_uart_midi.o(.bss)
    s_rx_buf                                 0x20000c20   Data         256  bsp_uart_midi.o(.bss)
    s_tx_buf                                 0x20000d20   Data         256  bsp_uart_midi.o(.bss)
    .bss                                     0x20000e20   Section      976  bsp_usb_midi.o(.bss)
    .bss                                     0x200011f0   Section      136  usb_midi_class.o(.bss)
    s_midi_data                              0x200011f0   Data         136  usb_midi_class.o(.bss)
    .bss                                     0x20001278   Section       16  gd32f3x0_pmu.o(.bss)
    reg_snap                                 0x20001278   Data          16  gd32f3x0_pmu.o(.bss)
    .bss                                     0x20001288   Section     1648  midi_router.o(.bss)
    s_ports                                  0x20001288   Data          12  midi_router.o(.bss)
    s_rules                                  0x20001294   Data          54  midi_router.o(.bss)
    s_parsers                                0x200012ca   Data          21  midi_router.o(.bss)
    s_sx_ctx                                 0x200012e0   Data        1560  midi_router.o(.bss)
    .bss                                     0x200018f8   Section       96  libspace.o(.bss)
    HEAP                                     0x20001958   Section     1024  startup_gd32f3x0.o(HEAP)
    Heap_Mem                                 0x20001958   Data        1024  startup_gd32f3x0.o(HEAP)
    STACK                                    0x20001d58   Section     1024  startup_gd32f3x0.o(STACK)
    Stack_Mem                                0x20001d58   Data        1024  startup_gd32f3x0.o(STACK)
    __initial_sp                             0x20002158   Data           0  startup_gd32f3x0.o(STACK)

    Global Symbols

    Symbol Name                              Value     Ov Type        Size  Object(Section)

    BuildAttributes$$THM_ISAv4$E$P$D$K$B$S$7EM$VFPi3$EXTD16$VFPS$VFMA$PE$A:L22UL41UL21$X:L11$S22US41US21$IEEE1$IW$USESV6$~STKCKD$USESV7$~SHL$OSPACE$ROPI$EBA8$UX$STANDARDLIB$REQ8$PRES8$EABIv2 0x00000000   Number         0  anon$$obj.o ABSOLUTE
    __ARM_use_no_argv                        0x00000000   Number         0  main.o ABSOLUTE
    __ARM_exceptions_init                     - Undefined Weak Reference
    __alloca_initialize                       - Undefined Weak Reference
    __arm_preinit_                            - Undefined Weak Reference
    __cpp_initialize__aeabi_                  - Undefined Weak Reference
    __cxa_finalize                            - Undefined Weak Reference
    __rt_locale                               - Undefined Weak Reference
    __sigvec_lookup                           - Undefined Weak Reference
    _atexit_init                              - Undefined Weak Reference
    _call_atexit_fns                          - Undefined Weak Reference
    _clock_init                               - Undefined Weak Reference
    _fp_trap_init                             - Undefined Weak Reference
    _fp_trap_shutdown                         - Undefined Weak Reference
    _get_lc_collate                           - Undefined Weak Reference
    _get_lc_ctype                             - Undefined Weak Reference
    _get_lc_monetary                          - Undefined Weak Reference
    _get_lc_numeric                           - Undefined Weak Reference
    _get_lc_time                              - Undefined Weak Reference
    _getenv_init                              - Undefined Weak Reference
    _handle_redirection                       - Undefined Weak Reference
    _init_alloc                               - Undefined Weak Reference
    _init_user_alloc                          - Undefined Weak Reference
    _initio                                   - Undefined Weak Reference
    _rand_init                                - Undefined Weak Reference
    _signal_finish                            - Undefined Weak Reference
    _signal_init                              - Undefined Weak Reference
    _terminate_alloc                          - Undefined Weak Reference
    _terminate_user_alloc                     - Undefined Weak Reference
    _terminateio                              - Undefined Weak Reference
    __Vectors_Size                           0x00000150   Number         0  startup_gd32f3x0.o ABSOLUTE
    __Vectors                                0x08000000   Data           4  startup_gd32f3x0.o(RESET)
    __Vectors_End                            0x08000150   Data           0  startup_gd32f3x0.o(RESET)
    __main                                   0x08000151   Thumb Code     8  __main.o(!!!main)
    __scatterload                            0x08000159   Thumb Code     0  __scatter.o(!!!scatter)
    __scatterload_rt2                        0x08000159   Thumb Code    44  __scatter.o(!!!scatter)
    __scatterload_rt2_thumb_only             0x08000159   Thumb Code     0  __scatter.o(!!!scatter)
    __scatterload_null                       0x08000167   Thumb Code     0  __scatter.o(!!!scatter)
    __decompress                             0x0800018d   Thumb Code    90  __dczerorl2.o(!!dczerorl2)
    __decompress1                            0x0800018d   Thumb Code     0  __dczerorl2.o(!!dczerorl2)
    __scatterload_zeroinit                   0x080001e9   Thumb Code    28  __scatter_zi.o(!!handler_zi)
    __rt_lib_init                            0x08000205   Thumb Code     0  libinit.o(.ARM.Collect$$libinit$$00000000)
    __rt_lib_init_fp_1                       0x08000207   Thumb Code     0  libinit2.o(.ARM.Collect$$libinit$$00000001)
    __rt_lib_init_alloca_1                   0x0800020b   Thumb Code     0  libinit2.o(.ARM.Collect$$libinit$$0000002E)
    __rt_lib_init_argv_1                     0x0800020b   Thumb Code     0  libinit2.o(.ARM.Collect$$libinit$$0000002C)
    __rt_lib_init_atexit_1                   0x0800020b   Thumb Code     0  libinit2.o(.ARM.Collect$$libinit$$0000001B)
    __rt_lib_init_clock_1                    0x0800020b   Thumb Code     0  libinit2.o(.ARM.Collect$$libinit$$00000021)
    __rt_lib_init_cpp_1                      0x0800020b   Thumb Code     0  libinit2.o(.ARM.Collect$$libinit$$00000032)
    __rt_lib_init_exceptions_1               0x0800020b   Thumb Code     0  libinit2.o(.ARM.Collect$$libinit$$00000030)
    __rt_lib_init_fp_trap_1                  0x0800020b   Thumb Code     0  libinit2.o(.ARM.Collect$$libinit$$0000001F)
    __rt_lib_init_getenv_1                   0x0800020b   Thumb Code     0  libinit2.o(.ARM.Collect$$libinit$$00000023)
    __rt_lib_init_heap_1                     0x0800020b   Thumb Code     0  libinit2.o(.ARM.Collect$$libinit$$0000000A)
    __rt_lib_init_lc_collate_1               0x0800020b   Thumb Code     0  libinit2.o(.ARM.Collect$$libinit$$00000011)
    __rt_lib_init_lc_ctype_1                 0x0800020b   Thumb Code     0  libinit2.o(.ARM.Collect$$libinit$$00000013)
    __rt_lib_init_lc_monetary_1              0x0800020b   Thumb Code     0  libinit2.o(.ARM.Collect$$libinit$$00000015)
    __rt_lib_init_lc_numeric_1               0x0800020b   Thumb Code     0  libinit2.o(.ARM.Collect$$libinit$$00000017)
    __rt_lib_init_lc_time_1                  0x0800020b   Thumb Code     0  libinit2.o(.ARM.Collect$$libinit$$00000019)
    __rt_lib_init_preinit_1                  0x0800020b   Thumb Code     0  libinit2.o(.ARM.Collect$$libinit$$00000004)
    __rt_lib_init_rand_1                     0x0800020b   Thumb Code     0  libinit2.o(.ARM.Collect$$libinit$$0000000E)
    __rt_lib_init_return                     0x0800020b   Thumb Code     0  libinit2.o(.ARM.Collect$$libinit$$00000033)
    __rt_lib_init_signal_1                   0x0800020b   Thumb Code     0  libinit2.o(.ARM.Collect$$libinit$$0000001D)
    __rt_lib_init_stdio_1                    0x0800020b   Thumb Code     0  libinit2.o(.ARM.Collect$$libinit$$00000025)
    __rt_lib_init_user_alloc_1               0x0800020b   Thumb Code     0  libinit2.o(.ARM.Collect$$libinit$$0000000C)
    __rt_lib_shutdown                        0x0800020d   Thumb Code     0  libshutdown.o(.ARM.Collect$$libshutdown$$00000000)
    __rt_lib_shutdown_cpp_1                  0x0800020f   Thumb Code     0  libshutdown2.o(.ARM.Collect$$libshutdown$$00000002)
    __rt_lib_shutdown_fp_trap_1              0x0800020f   Thumb Code     0  libshutdown2.o(.ARM.Collect$$libshutdown$$00000007)
    __rt_lib_shutdown_heap_1                 0x0800020f   Thumb Code     0  libshutdown2.o(.ARM.Collect$$libshutdown$$0000000F)
    __rt_lib_shutdown_return                 0x0800020f   Thumb Code     0  libshutdown2.o(.ARM.Collect$$libshutdown$$00000010)
    __rt_lib_shutdown_signal_1               0x0800020f   Thumb Code     0  libshutdown2.o(.ARM.Collect$$libshutdown$$0000000A)
    __rt_lib_shutdown_stdio_1                0x0800020f   Thumb Code     0  libshutdown2.o(.ARM.Collect$$libshutdown$$00000004)
    __rt_lib_shutdown_user_alloc_1           0x0800020f   Thumb Code     0  libshutdown2.o(.ARM.Collect$$libshutdown$$0000000C)
    __rt_entry                               0x08000211   Thumb Code     0  __rtentry.o(.ARM.Collect$$rtentry$$00000000)
    __rt_entry_presh_1                       0x08000211   Thumb Code     0  __rtentry2.o(.ARM.Collect$$rtentry$$00000002)
    __rt_entry_sh                            0x08000211   Thumb Code     0  __rtentry4.o(.ARM.Collect$$rtentry$$00000004)
    __rt_entry_li                            0x08000217   Thumb Code     0  __rtentry2.o(.ARM.Collect$$rtentry$$0000000A)
    __rt_entry_postsh_1                      0x08000217   Thumb Code     0  __rtentry2.o(.ARM.Collect$$rtentry$$00000009)
    __rt_entry_main                          0x0800021b   Thumb Code     0  __rtentry2.o(.ARM.Collect$$rtentry$$0000000D)
    __rt_entry_postli_1                      0x0800021b   Thumb Code     0  __rtentry2.o(.ARM.Collect$$rtentry$$0000000C)
    __rt_exit                                0x08000223   Thumb Code     0  rtexit.o(.ARM.Collect$$rtexit$$00000000)
    __rt_exit_ls                             0x08000225   Thumb Code     0  rtexit2.o(.ARM.Collect$$rtexit$$00000003)
    __rt_exit_prels_1                        0x08000225   Thumb Code     0  rtexit2.o(.ARM.Collect$$rtexit$$00000002)
    __rt_exit_exit                           0x08000229   Thumb Code     0  rtexit2.o(.ARM.Collect$$rtexit$$00000004)
    Reset_Handler                            0x08000231   Thumb Code     8  startup_gd32f3x0.o(.text)
    ADC_CMP_IRQHandler                       0x0800024b   Thumb Code     0  startup_gd32f3x0.o(.text)
    CEC_IRQHandler                           0x0800024b   Thumb Code     0  startup_gd32f3x0.o(.text)
    DMA_Channel0_IRQHandler                  0x0800024b   Thumb Code     0  startup_gd32f3x0.o(.text)
    DMA_Channel3_4_IRQHandler                0x0800024b   Thumb Code     0  startup_gd32f3x0.o(.text)
    DMA_Channel5_6_IRQHandler                0x0800024b   Thumb Code     0  startup_gd32f3x0.o(.text)
    EXTI0_1_IRQHandler                       0x0800024b   Thumb Code     0  startup_gd32f3x0.o(.text)
    EXTI2_3_IRQHandler                       0x0800024b   Thumb Code     0  startup_gd32f3x0.o(.text)
    EXTI4_15_IRQHandler                      0x0800024b   Thumb Code     0  startup_gd32f3x0.o(.text)
    FMC_IRQHandler                           0x0800024b   Thumb Code     0  startup_gd32f3x0.o(.text)
    I2C0_ER_IRQHandler                       0x0800024b   Thumb Code     0  startup_gd32f3x0.o(.text)
    I2C0_EV_IRQHandler                       0x0800024b   Thumb Code     0  startup_gd32f3x0.o(.text)
    I2C1_ER_IRQHandler                       0x0800024b   Thumb Code     0  startup_gd32f3x0.o(.text)
    I2C1_EV_IRQHandler                       0x0800024b   Thumb Code     0  startup_gd32f3x0.o(.text)
    LVD_IRQHandler                           0x0800024b   Thumb Code     0  startup_gd32f3x0.o(.text)
    RCU_CTC_IRQHandler                       0x0800024b   Thumb Code     0  startup_gd32f3x0.o(.text)
    RTC_IRQHandler                           0x0800024b   Thumb Code     0  startup_gd32f3x0.o(.text)
    SPI0_IRQHandler                          0x0800024b   Thumb Code     0  startup_gd32f3x0.o(.text)
    SPI1_IRQHandler                          0x0800024b   Thumb Code     0  startup_gd32f3x0.o(.text)
    TIMER0_BRK_UP_TRG_COM_IRQHandler         0x0800024b   Thumb Code     0  startup_gd32f3x0.o(.text)
    TIMER0_Channel_IRQHandler                0x0800024b   Thumb Code     0  startup_gd32f3x0.o(.text)
    TIMER13_IRQHandler                       0x0800024b   Thumb Code     0  startup_gd32f3x0.o(.text)
    TIMER14_IRQHandler                       0x0800024b   Thumb Code     0  startup_gd32f3x0.o(.text)
    TIMER15_IRQHandler                       0x0800024b   Thumb Code     0  startup_gd32f3x0.o(.text)
    TIMER16_IRQHandler                       0x0800024b   Thumb Code     0  startup_gd32f3x0.o(.text)
    TIMER1_IRQHandler                        0x0800024b   Thumb Code     0  startup_gd32f3x0.o(.text)
    TIMER5_DAC_IRQHandler                    0x0800024b   Thumb Code     0  startup_gd32f3x0.o(.text)
    TSI_IRQHandler                           0x0800024b   Thumb Code     0  startup_gd32f3x0.o(.text)
    USART0_IRQHandler                        0x0800024b   Thumb Code     0  startup_gd32f3x0.o(.text)
    USART1_IRQHandler                        0x0800024b   Thumb Code     0  startup_gd32f3x0.o(.text)
    USBFS_WKUP_IRQHandler                    0x0800024b   Thumb Code     0  startup_gd32f3x0.o(.text)
    WWDGT_IRQHandler                         0x0800024b   Thumb Code     0  startup_gd32f3x0.o(.text)
    __user_initial_stackheap                 0x0800024d   Thumb Code    10  startup_gd32f3x0.o(.text)
    __aeabi_memcpy                           0x08000271   Thumb Code     0  rt_memcpy_v6.o(.text)
    __rt_memcpy                              0x08000271   Thumb Code   138  rt_memcpy_v6.o(.text)
    _memcpy_lastbytes                        0x080002d7   Thumb Code     0  rt_memcpy_v6.o(.text)
    __aeabi_memcpy4                          0x080002fb   Thumb Code     0  rt_memcpy_w.o(.text)
    __aeabi_memcpy8                          0x080002fb   Thumb Code     0  rt_memcpy_w.o(.text)
    __rt_memcpy_w                            0x080002fb   Thumb Code   100  rt_memcpy_w.o(.text)
    _memcpy_lastbytes_aligned                0x08000343   Thumb Code     0  rt_memcpy_w.o(.text)
    __aeabi_memset                           0x0800035f   Thumb Code    16  aeabi_memset.o(.text)
    __aeabi_memclr                           0x0800036f   Thumb Code     0  rt_memclr.o(.text)
    __rt_memclr                              0x0800036f   Thumb Code    68  rt_memclr.o(.text)
    _memset                                  0x08000373   Thumb Code     0  rt_memclr.o(.text)
    __aeabi_memclr4                          0x080003b3   Thumb Code     0  rt_memclr_w.o(.text)
    __aeabi_memclr8                          0x080003b3   Thumb Code     0  rt_memclr_w.o(.text)
    __rt_memclr_w                            0x080003b3   Thumb Code    78  rt_memclr_w.o(.text)
    _memset_w                                0x080003b7   Thumb Code     0  rt_memclr_w.o(.text)
    __use_two_region_memory                  0x08000401   Thumb Code     2  heapauxi.o(.text)
    __rt_heap_escrow$2region                 0x08000403   Thumb Code     2  heapauxi.o(.text)
    __rt_heap_expand$2region                 0x08000405   Thumb Code     2  heapauxi.o(.text)
    __user_setup_stackheap                   0x08000407   Thumb Code    74  sys_stackheap_outer.o(.text)
    exit                                     0x08000451   Thumb Code    18  exit.o(.text)
    __user_libspace                          0x08000465   Thumb Code     8  libspace.o(.text)
    __user_perproc_libspace                  0x08000465   Thumb Code     0  libspace.o(.text)
    __user_perthread_libspace                0x08000465   Thumb Code     0  libspace.o(.text)
    _sys_exit                                0x0800046d   Thumb Code     8  sys_exit.o(.text)
    __I$use$semihosting                      0x08000479   Thumb Code     0  use_no_semi.o(.text)
    __use_no_semihosting_swi                 0x08000479   Thumb Code     2  use_no_semi.o(.text)
    BusFault_Handler                         0x0800047b   Thumb Code     4  gd32f3x0_it.o(i.BusFault_Handler)
    __semihosting_library_function           0x0800047b   Thumb Code     0  indicate_semi.o(.text)
    DMA_Channel1_2_IRQHandler                0x08000481   Thumb Code    34  bsp_uart_midi.o(i.DMA_Channel1_2_IRQHandler)
    DebugMon_Handler                         0x080004a9   Thumb Code     4  gd32f3x0_it.o(i.DebugMon_Handler)
    HardFault_Handler                        0x080004ad   Thumb Code     4  gd32f3x0_it.o(i.HardFault_Handler)
    MemManage_Handler                        0x080004b1   Thumb Code     4  gd32f3x0_it.o(i.MemManage_Handler)
    NMI_Handler                              0x080004b5   Thumb Code     4  gd32f3x0_it.o(i.NMI_Handler)
    PendSV_Handler                           0x080004b9   Thumb Code     4  gd32f3x0_it.o(i.PendSV_Handler)
    SVC_Handler                              0x080004bd   Thumb Code     4  gd32f3x0_it.o(i.SVC_Handler)
    SysTick_Handler                          0x080004c1   Thumb Code     8  gd32f3x0_it.o(i.SysTick_Handler)
    SystemInit                               0x080004c9   Thumb Code   694  system_gd32f3x0.o(i.SystemInit)
    TIMER2_IRQHandler                        0x080007b1   Thumb Code     8  gd32f3x0_it.o(i.TIMER2_IRQHandler)
    USBFS_IRQHandler                         0x080007b9   Thumb Code    10  bsp_usb_midi.o(i.USBFS_IRQHandler)
    UsageFault_Handler                       0x080007c9   Thumb Code     4  gd32f3x0_it.o(i.UsageFault_Handler)
    bsp_fmc_erase                            0x08000cd5   Thumb Code    52  bsp_fmc.o(i.bsp_fmc_erase)
    bsp_fmc_prog                             0x08000d11   Thumb Code    76  bsp_fmc.o(i.bsp_fmc_prog)
    bsp_get_tick                             0x08000d65   Thumb Code     6  bsp_system.o(i.bsp_get_tick)
    bsp_nvic_config                          0x08000d71   Thumb Code    82  bsp_system.o(i.bsp_nvic_config)
    bsp_system_init                          0x08000dc5   Thumb Code   170  bsp_system.o(i.bsp_system_init)
    bsp_system_reset                         0x08000e7d   Thumb Code    34  bsp_system.o(i.bsp_system_reset)
    bsp_systick_increment                    0x08000ea9   Thumb Code    12  bsp_system.o(i.bsp_systick_increment)
    bsp_uart_midi_init                       0x08000eb9   Thumb Code   302  bsp_uart_midi.o(i.bsp_uart_midi_init)
    bsp_uart_midi_rx_available               0x08000ff5   Thumb Code    30  bsp_uart_midi.o(i.bsp_uart_midi_rx_available)
    bsp_uart_midi_rx_read                    0x0800101d   Thumb Code    22  bsp_uart_midi.o(i.bsp_uart_midi_rx_read)
    bsp_uart_midi_send_dma                   0x0800103d   Thumb Code    72  bsp_uart_midi.o(i.bsp_uart_midi_send_dma)
    bsp_uart_midi_tx_busy                    0x0800108d   Thumb Code     6  bsp_uart_midi.o(i.bsp_uart_midi_tx_busy)
    bsp_usb_init                             0x08001099   Thumb Code    32  bsp_usb_midi.o(i.bsp_usb_init)
    bsp_usb_is_configured                    0x080010c5   Thumb Code    18  bsp_usb_midi.o(i.bsp_usb_is_configured)
    bsp_usb_send                             0x080010dd   Thumb Code    18  bsp_usb_midi.o(i.bsp_usb_send)
    bsp_usb_set_rx_callback                  0x080010f5   Thumb Code    12  bsp_usb_midi.o(i.bsp_usb_set_rx_callback)
    bsp_usb_tx_ready                         0x08001101   Thumb Code    10  bsp_usb_midi.o(i.bsp_usb_tx_ready)
    crc32                                    0x08001111   Thumb Code    52  crc_engine.o(i.crc32)
    dfu_init                                 0x08001149   Thumb Code    16  dfu_engine.o(i.dfu_init)
    dfu_process_sysex                        0x08001159   Thumb Code   432  dfu_engine.o(i.dfu_process_sysex)
    dfu_progress                             0x08001319   Thumb Code    26  dfu_engine.o(i.dfu_progress)
    dfu_set_callbacks                        0x08001335   Thumb Code    10  dfu_engine.o(i.dfu_set_callbacks)
    dma_channel_disable                      0x08001349   Thumb Code    30  gd32f3x0_dma.o(i.dma_channel_disable)
    dma_channel_enable                       0x0800136d   Thumb Code    30  gd32f3x0_dma.o(i.dma_channel_enable)
    dma_circulation_enable                   0x08001391   Thumb Code    30  gd32f3x0_dma.o(i.dma_circulation_enable)
    dma_deinit                               0x080013b5   Thumb Code    88  gd32f3x0_dma.o(i.dma_deinit)
    dma_init                                 0x08001411   Thumb Code   280  gd32f3x0_dma.o(i.dma_init)
    dma_interrupt_enable                     0x0800152d   Thumb Code    30  gd32f3x0_dma.o(i.dma_interrupt_enable)
    dma_interrupt_flag_clear                 0x08001551   Thumb Code    18  gd32f3x0_dma.o(i.dma_interrupt_flag_clear)
    dma_interrupt_flag_get                   0x08001569   Thumb Code   134  gd32f3x0_dma.o(i.dma_interrupt_flag_get)
    dma_memory_address_config                0x080015f5   Thumb Code    14  gd32f3x0_dma.o(i.dma_memory_address_config)
    dma_struct_para_init                     0x08001609   Thumb Code    22  gd32f3x0_dma.o(i.dma_struct_para_init)
    dma_transfer_number_config               0x08001621   Thumb Code    18  gd32f3x0_dma.o(i.dma_transfer_number_config)
    dma_transfer_number_get                  0x08001639   Thumb Code    16  gd32f3x0_dma.o(i.dma_transfer_number_get)
    fmc_flag_clear                           0x08001695   Thumb Code     6  gd32f3x0_fmc.o(i.fmc_flag_clear)
    fmc_lock                                 0x080016a1   Thumb Code    14  gd32f3x0_fmc.o(i.fmc_lock)
    fmc_page_erase                           0x080016b5   Thumb Code    70  gd32f3x0_fmc.o(i.fmc_page_erase)
    fmc_ready_wait                           0x08001701   Thumb Code    34  gd32f3x0_fmc.o(i.fmc_ready_wait)
    fmc_state_get                            0x08001725   Thumb Code    44  gd32f3x0_fmc.o(i.fmc_state_get)
    fmc_unlock                               0x08001755   Thumb Code    22  gd32f3x0_fmc.o(i.fmc_unlock)
    fmc_word_program                         0x08001779   Thumb Code    58  gd32f3x0_fmc.o(i.fmc_word_program)
    gpio_af_set                              0x080017b9   Thumb Code    94  gd32f3x0_gpio.o(i.gpio_af_set)
    gpio_mode_set                            0x08001817   Thumb Code    78  gd32f3x0_gpio.o(i.gpio_mode_set)
    gpio_output_options_set                  0x08001865   Thumb Code   124  gd32f3x0_gpio.o(i.gpio_output_options_set)
    int_to_unicode                           0x0800197d   Thumb Code    60  usbd_enum.o(i.int_to_unicode)
    main                                     0x080019b9   Thumb Code    60  main.o(i.main)
    midi_data_len                            0x08001a05   Thumb Code    66  midi_parser.o(i.midi_data_len)
    midi_parse                               0x08001b15   Thumb Code   242  midi_parser.o(i.midi_parse)
    midi_parser_init                         0x08001c07   Thumb Code    10  midi_parser.o(i.midi_parser_init)
    nvic_irq_enable                          0x08001c29   Thumb Code   254  gd32f3x0_misc.o(i.nvic_irq_enable)
    nvic_priority_group_set                  0x08001d31   Thumb Code    10  gd32f3x0_misc.o(i.nvic_priority_group_set)
    nvic_vector_table_set                    0x08001d45   Thumb Code    16  gd32f3x0_misc.o(i.nvic_vector_table_set)
    pmu_to_deepsleepmode                     0x08001db9   Thumb Code   206  gd32f3x0_pmu.o(i.pmu_to_deepsleepmode)
    rb_avail                                 0x08001ead   Thumb Code    12  ring_buffer.o(i.rb_avail)
    rb_init                                  0x08001eb9   Thumb Code     8  ring_buffer.o(i.rb_init)
    rb_pop                                   0x08001ec1   Thumb Code    34  ring_buffer.o(i.rb_pop)
    rb_pop_blk                               0x08001ee3   Thumb Code    38  ring_buffer.o(i.rb_pop_blk)
    rb_push                                  0x08001f09   Thumb Code    32  ring_buffer.o(i.rb_push)
    rb_push_blk                              0x08001f29   Thumb Code    48  ring_buffer.o(i.rb_push_blk)
    rcu_clock_freq_get                       0x08001f59   Thumb Code   628  gd32f3x0_rcu.o(i.rcu_clock_freq_get)
    rcu_deinit                               0x080021f5   Thumb Code   178  gd32f3x0_rcu.o(i.rcu_deinit)
    rcu_periph_clock_enable                  0x080022c1   Thumb Code    28  gd32f3x0_rcu.o(i.rcu_periph_clock_enable)
    rcu_periph_reset_disable                 0x080022e1   Thumb Code    28  gd32f3x0_rcu.o(i.rcu_periph_reset_disable)
    rcu_periph_reset_enable                  0x08002301   Thumb Code    28  gd32f3x0_rcu.o(i.rcu_periph_reset_enable)
    router_init                              0x08002321   Thumb Code    90  midi_router.o(i.router_init)
    router_poll_all                          0x0800238d   Thumb Code   346  midi_router.o(i.router_poll_all)
    router_reg_port                          0x080024f9   Thumb Code    12  midi_router.o(i.router_reg_port)
    router_set_sysex_cb                      0x08002509   Thumb Code     6  midi_router.o(i.router_set_sysex_cb)
    serial_string_get                        0x08002515   Thumb Code    66  usbd_enum.o(i.serial_string_get)
    sx_feed                                  0x08002599   Thumb Code   192  sysex_assembler.o(i.sx_feed)
    sx_is_complete                           0x0800265d   Thumb Code    16  sysex_assembler.o(i.sx_is_complete)
    sx_reset                                 0x0800266d   Thumb Code    10  sysex_assembler.o(i.sx_reset)
    timer_auto_reload_shadow_enable          0x0800275d   Thumb Code    10  gd32f3x0_timer.o(i.timer_auto_reload_shadow_enable)
    timer_disable                            0x08002767   Thumb Code    10  gd32f3x0_timer.o(i.timer_disable)
    timer_enable                             0x08002771   Thumb Code    10  gd32f3x0_timer.o(i.timer_enable)
    timer_init                               0x0800277d   Thumb Code   146  gd32f3x0_timer.o(i.timer_init)
    timer_interrupt_disable                  0x08002829   Thumb Code     8  gd32f3x0_timer.o(i.timer_interrupt_disable)
    timer_interrupt_enable                   0x08002831   Thumb Code     8  gd32f3x0_timer.o(i.timer_interrupt_enable)
    timer_interrupt_flag_clear               0x08002839   Thumb Code     6  gd32f3x0_timer.o(i.timer_interrupt_flag_clear)
    timer_interrupt_flag_get                 0x0800283f   Thumb Code    28  gd32f3x0_timer.o(i.timer_interrupt_flag_get)
    uart_bridge_drain_tx                     0x0800285d   Thumb Code    54  uart_midi_bridge.o(i.uart_bridge_drain_tx)
    uart_bridge_init                         0x08002899   Thumb Code    42  uart_midi_bridge.o(i.uart_bridge_init)
    usart_baudrate_set                       0x08002915   Thumb Code   120  gd32f3x0_usart.o(i.usart_baudrate_set)
    usart_deinit                             0x08002991   Thumb Code    58  gd32f3x0_usart.o(i.usart_deinit)
    usart_dma_receive_config                 0x080029d1   Thumb Code    20  gd32f3x0_usart.o(i.usart_dma_receive_config)
    usart_dma_transmit_config                0x080029e5   Thumb Code    20  gd32f3x0_usart.o(i.usart_dma_transmit_config)
    usart_enable                             0x080029f9   Thumb Code    10  gd32f3x0_usart.o(i.usart_enable)
    usart_interrupt_enable                   0x08002a03   Thumb Code    26  gd32f3x0_usart.o(i.usart_interrupt_enable)
    usart_parity_config                      0x08002a1d   Thumb Code    24  gd32f3x0_usart.o(i.usart_parity_config)
    usart_receive_config                     0x08002a35   Thumb Code    16  gd32f3x0_usart.o(i.usart_receive_config)
    usart_stop_bit_set                       0x08002a45   Thumb Code    24  gd32f3x0_usart.o(i.usart_stop_bit_set)
    usart_transmit_config                    0x08002a5d   Thumb Code    16  gd32f3x0_usart.o(i.usart_transmit_config)
    usart_word_length_set                    0x08002a6d   Thumb Code    24  gd32f3x0_usart.o(i.usart_word_length_set)
    usb_basic_init                           0x08002a85   Thumb Code   200  drv_usb_core.o(i.usb_basic_init)
    usb_bridge_drain_tx                      0x08002b4d   Thumb Code   186  usb_midi_bridge.o(i.usb_bridge_drain_tx)
    usb_bridge_init                          0x08002c15   Thumb Code    60  usb_midi_bridge.o(i.usb_bridge_init)
    usb_core_init                            0x08002c75   Thumb Code   134  drv_usb_core.o(i.usb_core_init)
    usb_ctlep_startout                       0x08002d29   Thumb Code     8  drv_usb_dev.o(i.usb_ctlep_startout)
    usb_curmode_set                          0x08002d35   Thumb Code    46  drv_usb_core.o(i.usb_curmode_set)
    usb_devcore_init                         0x08002d65   Thumb Code   326  drv_usb_dev.o(i.usb_devcore_init)
    usb_devint_enable                        0x08002eb1   Thumb Code    56  drv_usb_dev.o(i.usb_devint_enable)
    usb_iepintr_read                         0x08002f2b   Thumb Code    42  drv_usb_dev.o(i.usb_iepintr_read)
    usb_mdelay                               0x08002f63   Thumb Code    14  drv_usb_hw.o(i.usb_mdelay)
    usb_midi_dec                             0x08002f71   Thumb Code    92  usb_midi_codec.o(i.usb_midi_dec)
    usb_midi_enc                             0x08002fcd   Thumb Code    48  usb_midi_codec.o(i.usb_midi_enc)
    usb_midi_enc_sysex                       0x08002ffd   Thumb Code   242  usb_midi_codec.o(i.usb_midi_enc_sysex)
    usb_midi_send                            0x080030f1   Thumb Code    76  usb_midi_class.o(i.usb_midi_send)
    usb_midi_set_rx_cb                       0x08003141   Thumb Code     8  usb_midi_class.o(i.usb_midi_set_rx_cb)
    usb_midi_tx_ready                        0x0800314d   Thumb Code    30  usb_midi_class.o(i.usb_midi_tx_ready)
    usb_rxfifo_flush                         0x08003399   Thumb Code    34  drv_usb_core.o(i.usb_rxfifo_flush)
    usb_rxfifo_read                          0x080033bb   Thumb Code    30  drv_usb_core.o(i.usb_rxfifo_read)
    usb_set_txfifo                           0x080033d9   Thumb Code    72  drv_usb_core.o(i.usb_set_txfifo)
    usb_timer_irq                            0x08003421   Thumb Code    46  drv_usb_hw.o(i.usb_timer_irq)
    usb_transc_active                        0x08003459   Thumb Code   138  drv_usb_dev.o(i.usb_transc_active)
    usb_transc_clrstall                      0x080034ed   Thumb Code    68  drv_usb_dev.o(i.usb_transc_clrstall)
    usb_transc_deactivate                    0x08003531   Thumb Code   100  drv_usb_dev.o(i.usb_transc_deactivate)
    usb_transc_inxfer                        0x08003595   Thumb Code   250  drv_usb_dev.o(i.usb_transc_inxfer)
    usb_transc_outxfer                       0x0800368f   Thumb Code   126  drv_usb_dev.o(i.usb_transc_outxfer)
    usb_transc_stall                         0x0800370d   Thumb Code    66  drv_usb_dev.o(i.usb_transc_stall)
    usb_txfifo_flush                         0x0800374f   Thumb Code    40  drv_usb_core.o(i.usb_txfifo_flush)
    usb_txfifo_write                         0x08003777   Thumb Code    34  drv_usb_core.o(i.usb_txfifo_write)
    usb_udelay                               0x08003799   Thumb Code    14  drv_usb_hw.o(i.usb_udelay)
    usbd_class_request                       0x080037a7   Thumb Code    38  usbd_enum.o(i.usbd_class_request)
    usbd_connect                             0x080037cd   Thumb Code    28  usbd_core.o(i.usbd_connect)
    usbd_ctl_recev                           0x080037e9   Thumb Code    46  usbd_transc.o(i.usbd_ctl_recev)
    usbd_ctl_send                            0x08003817   Thumb Code    46  usbd_transc.o(i.usbd_ctl_send)
    usbd_ctl_status_recev                    0x08003845   Thumb Code    32  usbd_transc.o(i.usbd_ctl_status_recev)
    usbd_ctl_status_send                     0x08003865   Thumb Code    32  usbd_transc.o(i.usbd_ctl_status_send)
    usbd_disconnect                          0x08003885   Thumb Code    28  usbd_core.o(i.usbd_disconnect)
    usbd_enum_error                          0x0800392d   Thumb Code    30  usbd_enum.o(i.usbd_enum_error)
    usbd_ep_clear                            0x0800394b   Thumb Code    52  usbd_core.o(i.usbd_ep_clear)
    usbd_ep_recev                            0x0800397f   Thumb Code    52  usbd_core.o(i.usbd_ep_recev)
    usbd_ep_send                             0x080039b3   Thumb Code    52  usbd_core.o(i.usbd_ep_send)
    usbd_ep_setup                            0x080039e9   Thumb Code   108  usbd_core.o(i.usbd_ep_setup)
    usbd_ep_stall                            0x08003a59   Thumb Code    58  usbd_core.o(i.usbd_ep_stall)
    usbd_ep_stall_clear                      0x08003a93   Thumb Code    58  usbd_core.o(i.usbd_ep_stall_clear)
    usbd_in_transc                           0x08003acd   Thumb Code   146  usbd_transc.o(i.usbd_in_transc)
    usbd_init                                0x08003b5f   Thumb Code   136  usbd_core.o(i.usbd_init)
    usbd_isr                                 0x08003f51   Thumb Code   268  drv_usbd_int.o(i.usbd_isr)
    usbd_out_transc                          0x08004061   Thumb Code   118  usbd_transc.o(i.usbd_out_transc)
    usbd_setup_transc                        0x080040d7   Thumb Code   132  usbd_transc.o(i.usbd_setup_transc)
    usbd_standard_request                    0x0800415d   Thumb Code    22  usbd_enum.o(i.usbd_standard_request)
    usbd_vendor_request                      0x08004179   Thumb Code     6  usbd_enum.o(i.usbd_vendor_request)
    _fp_init                                 0x0800417f   Thumb Code    10  fpinit.o(x$fpl$fpinit)
    __fplib_config_fpu_vfp                   0x08004187   Thumb Code     0  fpinit.o(x$fpl$fpinit)
    __fplib_config_pureend_doubles           0x08004187   Thumb Code     0  fpinit.o(x$fpl$fpinit)
    usb_midi_dev_desc                        0x080041b0   Data          18  usb_midi_desc.o(.constdata)
    usb_midi_config_desc                     0x080041c2   Data         101  usb_midi_desc.o(.constdata)
    usb_midi_strings                         0x08004228   Data          16  usb_midi_desc.o(.constdata)
    ep_type                                  0x08004290   Data          16  usbd_core.o(.constdata)
    Region$$Table$$Base                      0x080042a0   Number         0  anon$$obj.o(Region$$Table)
    Region$$Table$$Limit                     0x080042c0   Number         0  anon$$obj.o(Region$$Table)
    usb_midi_cb                              0x2000042c   Data          48  usb_midi_class.o(.data)
    delay_time                               0x2000045c   Data           4  drv_usb_hw.o(.data)
    timer_prescaler                          0x20000460   Data           4  drv_usb_hw.o(.data)
    usbfs_prescaler                          0x20000464   Data           4  drv_usb_hw.o(.data)
    SystemCoreClock                          0x2000047c   Data           4  system_gd32f3x0.o(.data)
    setupc_flag                              0x20000480   Data           1  drv_usbd_int.o(.data)
    g_usb_tx                                 0x200004d0   Data         260  main.o(.bss)
    g_usb_rx                                 0x200005d4   Data         260  main.o(.bss)
    g_udev                                   0x20000e20   Data         976  bsp_usb_midi.o(.bss)
    __libspace_start                         0x200018f8   Data          96  libspace.o(.bss)
    __temporary_stack_top$libspace           0x20001958   Data           0  libspace.o(.bss)



==============================================================================

Memory Map of the image

  Image Entry point : 0x08000231

  Load Region LR_1 (Base: 0x08000000, Size: 0x00004790, Max: 0xffffffff, ABSOLUTE, COMPRESSED[0x00004360])

    Execution Region ER_RO (Exec base: 0x08000000, Load base: 0x08000000, Size: 0x000042c0, Max: 0xffffffff, ABSOLUTE)

    Exec Addr    Load Addr    Size         Type   Attr      Idx    E Section Name        Object

    0x08000000   0x08000000   0x00000150   Data   RO            3    RESET               startup_gd32f3x0.o
    0x08000150   0x08000150   0x00000008   Code   RO         5965  * !!!main             c_w.l(__main.o)
    0x08000158   0x08000158   0x00000034   Code   RO         6124    !!!scatter          c_w.l(__scatter.o)
    0x0800018c   0x0800018c   0x0000005a   Code   RO         6122    !!dczerorl2         c_w.l(__dczerorl2.o)
    0x080001e6   0x080001e6   0x00000002   PAD
    0x080001e8   0x080001e8   0x0000001c   Code   RO         6126    !!handler_zi        c_w.l(__scatter_zi.o)
    0x08000204   0x08000204   0x00000002   Code   RO         5992    .ARM.Collect$$libinit$$00000000  c_w.l(libinit.o)
    0x08000206   0x08000206   0x00000004   Code   RO         5998    .ARM.Collect$$libinit$$00000001  c_w.l(libinit2.o)
    0x0800020a   0x0800020a   0x00000000   Code   RO         6001    .ARM.Collect$$libinit$$00000004  c_w.l(libinit2.o)
    0x0800020a   0x0800020a   0x00000000   Code   RO         6004    .ARM.Collect$$libinit$$0000000A  c_w.l(libinit2.o)
    0x0800020a   0x0800020a   0x00000000   Code   RO         6006    .ARM.Collect$$libinit$$0000000C  c_w.l(libinit2.o)
    0x0800020a   0x0800020a   0x00000000   Code   RO         6008    .ARM.Collect$$libinit$$0000000E  c_w.l(libinit2.o)
    0x0800020a   0x0800020a   0x00000000   Code   RO         6011    .ARM.Collect$$libinit$$00000011  c_w.l(libinit2.o)
    0x0800020a   0x0800020a   0x00000000   Code   RO         6013    .ARM.Collect$$libinit$$00000013  c_w.l(libinit2.o)
    0x0800020a   0x0800020a   0x00000000   Code   RO         6015    .ARM.Collect$$libinit$$00000015  c_w.l(libinit2.o)
    0x0800020a   0x0800020a   0x00000000   Code   RO         6017    .ARM.Collect$$libinit$$00000017  c_w.l(libinit2.o)
    0x0800020a   0x0800020a   0x00000000   Code   RO         6019    .ARM.Collect$$libinit$$00000019  c_w.l(libinit2.o)
    0x0800020a   0x0800020a   0x00000000   Code   RO         6021    .ARM.Collect$$libinit$$0000001B  c_w.l(libinit2.o)
    0x0800020a   0x0800020a   0x00000000   Code   RO         6023    .ARM.Collect$$libinit$$0000001D  c_w.l(libinit2.o)
    0x0800020a   0x0800020a   0x00000000   Code   RO         6025    .ARM.Collect$$libinit$$0000001F  c_w.l(libinit2.o)
    0x0800020a   0x0800020a   0x00000000   Code   RO         6027    .ARM.Collect$$libinit$$00000021  c_w.l(libinit2.o)
    0x0800020a   0x0800020a   0x00000000   Code   RO         6029    .ARM.Collect$$libinit$$00000023  c_w.l(libinit2.o)
    0x0800020a   0x0800020a   0x00000000   Code   RO         6031    .ARM.Collect$$libinit$$00000025  c_w.l(libinit2.o)
    0x0800020a   0x0800020a   0x00000000   Code   RO         6035    .ARM.Collect$$libinit$$0000002C  c_w.l(libinit2.o)
    0x0800020a   0x0800020a   0x00000000   Code   RO         6037    .ARM.Collect$$libinit$$0000002E  c_w.l(libinit2.o)
    0x0800020a   0x0800020a   0x00000000   Code   RO         6039    .ARM.Collect$$libinit$$00000030  c_w.l(libinit2.o)
    0x0800020a   0x0800020a   0x00000000   Code   RO         6041    .ARM.Collect$$libinit$$00000032  c_w.l(libinit2.o)
    0x0800020a   0x0800020a   0x00000002   Code   RO         6042    .ARM.Collect$$libinit$$00000033  c_w.l(libinit2.o)
    0x0800020c   0x0800020c   0x00000002   Code   RO         6062    .ARM.Collect$$libshutdown$$00000000  c_w.l(libshutdown.o)
    0x0800020e   0x0800020e   0x00000000   Code   RO         6075    .ARM.Collect$$libshutdown$$00000002  c_w.l(libshutdown2.o)
    0x0800020e   0x0800020e   0x00000000   Code   RO         6077    .ARM.Collect$$libshutdown$$00000004  c_w.l(libshutdown2.o)
    0x0800020e   0x0800020e   0x00000000   Code   RO         6080    .ARM.Collect$$libshutdown$$00000007  c_w.l(libshutdown2.o)
    0x0800020e   0x0800020e   0x00000000   Code   RO         6083    .ARM.Collect$$libshutdown$$0000000A  c_w.l(libshutdown2.o)
    0x0800020e   0x0800020e   0x00000000   Code   RO         6085    .ARM.Collect$$libshutdown$$0000000C  c_w.l(libshutdown2.o)
    0x0800020e   0x0800020e   0x00000000   Code   RO         6088    .ARM.Collect$$libshutdown$$0000000F  c_w.l(libshutdown2.o)
    0x0800020e   0x0800020e   0x00000002   Code   RO         6089    .ARM.Collect$$libshutdown$$00000010  c_w.l(libshutdown2.o)
    0x08000210   0x08000210   0x00000000   Code   RO         5967    .ARM.Collect$$rtentry$$00000000  c_w.l(__rtentry.o)
    0x08000210   0x08000210   0x00000000   Code   RO         5969    .ARM.Collect$$rtentry$$00000002  c_w.l(__rtentry2.o)
    0x08000210   0x08000210   0x00000006   Code   RO         5981    .ARM.Collect$$rtentry$$00000004  c_w.l(__rtentry4.o)
    0x08000216   0x08000216   0x00000000   Code   RO         5971    .ARM.Collect$$rtentry$$00000009  c_w.l(__rtentry2.o)
    0x08000216   0x08000216   0x00000004   Code   RO         5972    .ARM.Collect$$rtentry$$0000000A  c_w.l(__rtentry2.o)
    0x0800021a   0x0800021a   0x00000000   Code   RO         5974    .ARM.Collect$$rtentry$$0000000C  c_w.l(__rtentry2.o)
    0x0800021a   0x0800021a   0x00000008   Code   RO         5975    .ARM.Collect$$rtentry$$0000000D  c_w.l(__rtentry2.o)
    0x08000222   0x08000222   0x00000002   Code   RO         5996    .ARM.Collect$$rtexit$$00000000  c_w.l(rtexit.o)
    0x08000224   0x08000224   0x00000000   Code   RO         6044    .ARM.Collect$$rtexit$$00000002  c_w.l(rtexit2.o)
    0x08000224   0x08000224   0x00000004   Code   RO         6045    .ARM.Collect$$rtexit$$00000003  c_w.l(rtexit2.o)
    0x08000228   0x08000228   0x00000006   Code   RO         6046    .ARM.Collect$$rtexit$$00000004  c_w.l(rtexit2.o)
    0x0800022e   0x0800022e   0x00000002   PAD
    0x08000230   0x08000230   0x00000040   Code   RO            4  * .text               startup_gd32f3x0.o
    0x08000270   0x08000270   0x0000008a   Code   RO         5953    .text               c_w.l(rt_memcpy_v6.o)
    0x080002fa   0x080002fa   0x00000064   Code   RO         5955    .text               c_w.l(rt_memcpy_w.o)
    0x0800035e   0x0800035e   0x00000010   Code   RO         5957    .text               c_w.l(aeabi_memset.o)
    0x0800036e   0x0800036e   0x00000044   Code   RO         5959    .text               c_w.l(rt_memclr.o)
    0x080003b2   0x080003b2   0x0000004e   Code   RO         5961    .text               c_w.l(rt_memclr_w.o)
    0x08000400   0x08000400   0x00000006   Code   RO         5963    .text               c_w.l(heapauxi.o)
    0x08000406   0x08000406   0x0000004a   Code   RO         5983    .text               c_w.l(sys_stackheap_outer.o)
    0x08000450   0x08000450   0x00000012   Code   RO         5985    .text               c_w.l(exit.o)
    0x08000462   0x08000462   0x00000002   PAD
    0x08000464   0x08000464   0x00000008   Code   RO         5993    .text               c_w.l(libspace.o)
    0x0800046c   0x0800046c   0x0000000c   Code   RO         6054    .text               c_w.l(sys_exit.o)
    0x08000478   0x08000478   0x00000002   Code   RO         6065    .text               c_w.l(use_no_semi.o)
    0x0800047a   0x0800047a   0x00000000   Code   RO         6067    .text               c_w.l(indicate_semi.o)
    0x0800047a   0x0800047a   0x00000004   Code   RO          428    i.BusFault_Handler  gd32f3x0_it.o
    0x0800047e   0x0800047e   0x00000002   PAD
    0x08000480   0x08000480   0x00000028   Code   RO          517    i.DMA_Channel1_2_IRQHandler  bsp_uart_midi.o
    0x080004a8   0x080004a8   0x00000004   Code   RO          429    i.DebugMon_Handler  gd32f3x0_it.o
    0x080004ac   0x080004ac   0x00000004   Code   RO          430    i.HardFault_Handler  gd32f3x0_it.o
    0x080004b0   0x080004b0   0x00000004   Code   RO          431    i.MemManage_Handler  gd32f3x0_it.o
    0x080004b4   0x080004b4   0x00000004   Code   RO          432    i.NMI_Handler       gd32f3x0_it.o
    0x080004b8   0x080004b8   0x00000004   Code   RO          433    i.PendSV_Handler    gd32f3x0_it.o
    0x080004bc   0x080004bc   0x00000004   Code   RO          434    i.SVC_Handler       gd32f3x0_it.o
    0x080004c0   0x080004c0   0x00000008   Code   RO          435    i.SysTick_Handler   gd32f3x0_it.o
    0x080004c8   0x080004c8   0x000002e8   Code   RO         5353    i.SystemInit        system_gd32f3x0.o
    0x080007b0   0x080007b0   0x00000008   Code   RO          436    i.TIMER2_IRQHandler  gd32f3x0_it.o
    0x080007b8   0x080007b8   0x00000010   Code   RO          611    i.USBFS_IRQHandler  bsp_usb_midi.o
    0x080007c8   0x080007c8   0x00000004   Code   RO          437    i.UsageFault_Handler  gd32f3x0_it.o
    0x080007cc   0x080007cc   0x0000001c   Code   RO         5354    i._soft_delay_      system_gd32f3x0.o
    0x080007e8   0x080007e8   0x00000014   Code   RO         5749    i._usb_bos_desc_get  usbd_enum.o
    0x080007fc   0x080007fc   0x00000022   Code   RO         5750    i._usb_config_desc_get  usbd_enum.o
    0x0800081e   0x0800081e   0x00000014   Code   RO         5751    i._usb_dev_desc_get  usbd_enum.o
    0x08000832   0x08000832   0x00000074   Code   RO         5752    i._usb_std_clearfeature  usbd_enum.o
    0x080008a6   0x080008a6   0x00000040   Code   RO         5753    i._usb_std_getconfiguration  usbd_enum.o
    0x080008e6   0x080008e6   0x00000002   PAD
    0x080008e8   0x080008e8   0x00000110   Code   RO         5754    i._usb_std_getdescriptor  usbd_enum.o
    0x080009f8   0x080009f8   0x0000003c   Code   RO         5755    i._usb_std_getinterface  usbd_enum.o
    0x08000a34   0x08000a34   0x000000bc   Code   RO         5756    i._usb_std_getstatus  usbd_enum.o
    0x08000af0   0x08000af0   0x00000006   Code   RO         5757    i._usb_std_reserved  usbd_enum.o
    0x08000af6   0x08000af6   0x0000005c   Code   RO         5758    i._usb_std_setaddress  usbd_enum.o
    0x08000b52   0x08000b52   0x00000002   PAD
    0x08000b54   0x08000b54   0x000000b4   Code   RO         5759    i._usb_std_setconfiguration  usbd_enum.o
    0x08000c08   0x08000c08   0x00000006   Code   RO         5760    i._usb_std_setdescriptor  usbd_enum.o
    0x08000c0e   0x08000c0e   0x00000068   Code   RO         5761    i._usb_std_setfeature  usbd_enum.o
    0x08000c76   0x08000c76   0x00000044   Code   RO         5762    i._usb_std_setinterface  usbd_enum.o
    0x08000cba   0x08000cba   0x00000006   Code   RO         5763    i._usb_std_synchframe  usbd_enum.o
    0x08000cc0   0x08000cc0   0x00000014   Code   RO         5764    i._usb_str_desc_get  usbd_enum.o
    0x08000cd4   0x08000cd4   0x0000003c   Code   RO          576    i.bsp_fmc_erase     bsp_fmc.o
    0x08000d10   0x08000d10   0x00000054   Code   RO          577    i.bsp_fmc_prog      bsp_fmc.o
    0x08000d64   0x08000d64   0x0000000c   Code   RO          373    i.bsp_get_tick      bsp_system.o
    0x08000d70   0x08000d70   0x00000052   Code   RO          374    i.bsp_nvic_config   bsp_system.o
    0x08000dc2   0x08000dc2   0x00000002   PAD
    0x08000dc4   0x08000dc4   0x000000b8   Code   RO          375    i.bsp_system_init   bsp_system.o
    0x08000e7c   0x08000e7c   0x0000002c   Code   RO          376    i.bsp_system_reset  bsp_system.o
    0x08000ea8   0x08000ea8   0x00000010   Code   RO          377    i.bsp_systick_increment  bsp_system.o
    0x08000eb8   0x08000eb8   0x0000013c   Code   RO          519    i.bsp_uart_midi_init  bsp_uart_midi.o
    0x08000ff4   0x08000ff4   0x00000028   Code   RO          520    i.bsp_uart_midi_rx_available  bsp_uart_midi.o
    0x0800101c   0x0800101c   0x00000020   Code   RO          521    i.bsp_uart_midi_rx_read  bsp_uart_midi.o
    0x0800103c   0x0800103c   0x00000050   Code   RO          522    i.bsp_uart_midi_send_dma  bsp_uart_midi.o
    0x0800108c   0x0800108c   0x0000000c   Code   RO          523    i.bsp_uart_midi_tx_busy  bsp_uart_midi.o
    0x08001098   0x08001098   0x0000002c   Code   RO          613    i.bsp_usb_init      bsp_usb_midi.o
    0x080010c4   0x080010c4   0x00000018   Code   RO          614    i.bsp_usb_is_configured  bsp_usb_midi.o
    0x080010dc   0x080010dc   0x00000018   Code   RO          615    i.bsp_usb_send      bsp_usb_midi.o
    0x080010f4   0x080010f4   0x0000000c   Code   RO          616    i.bsp_usb_set_rx_callback  bsp_usb_midi.o
    0x08001100   0x08001100   0x00000010   Code   RO          617    i.bsp_usb_tx_ready  bsp_usb_midi.o
    0x08001110   0x08001110   0x00000038   Code   RO         5034    i.crc32             crc_engine.o
    0x08001148   0x08001148   0x00000010   Code   RO         5307    i.dfu_init          dfu_engine.o
    0x08001158   0x08001158   0x000001c0   Code   RO         5308    i.dfu_process_sysex  dfu_engine.o
    0x08001318   0x08001318   0x0000001a   Code   RO         5309    i.dfu_progress      dfu_engine.o
    0x08001332   0x08001332   0x00000002   PAD
    0x08001334   0x08001334   0x00000014   Code   RO         5310    i.dfu_set_callbacks  dfu_engine.o
    0x08001348   0x08001348   0x00000024   Code   RO         1758    i.dma_channel_disable  gd32f3x0_dma.o
    0x0800136c   0x0800136c   0x00000024   Code   RO         1759    i.dma_channel_enable  gd32f3x0_dma.o
    0x08001390   0x08001390   0x00000024   Code   RO         1761    i.dma_circulation_enable  gd32f3x0_dma.o
    0x080013b4   0x080013b4   0x0000005c   Code   RO         1762    i.dma_deinit        gd32f3x0_dma.o
    0x08001410   0x08001410   0x0000011c   Code   RO         1765    i.dma_init          gd32f3x0_dma.o
    0x0800152c   0x0800152c   0x00000024   Code   RO         1767    i.dma_interrupt_enable  gd32f3x0_dma.o
    0x08001550   0x08001550   0x00000018   Code   RO         1768    i.dma_interrupt_flag_clear  gd32f3x0_dma.o
    0x08001568   0x08001568   0x0000008c   Code   RO         1769    i.dma_interrupt_flag_get  gd32f3x0_dma.o
    0x080015f4   0x080015f4   0x00000014   Code   RO         1770    i.dma_memory_address_config  gd32f3x0_dma.o
    0x08001608   0x08001608   0x00000016   Code   RO         1781    i.dma_struct_para_init  gd32f3x0_dma.o
    0x0800161e   0x0800161e   0x00000002   PAD
    0x08001620   0x08001620   0x00000018   Code   RO         1783    i.dma_transfer_number_config  gd32f3x0_dma.o
    0x08001638   0x08001638   0x00000014   Code   RO         1784    i.dma_transfer_number_get  gd32f3x0_dma.o
    0x0800164c   0x0800164c   0x00000046   Code   RO         5311    i.flush_page        dfu_engine.o
    0x08001692   0x08001692   0x00000002   PAD
    0x08001694   0x08001694   0x0000000c   Code   RO         2020    i.fmc_flag_clear    gd32f3x0_fmc.o
    0x080016a0   0x080016a0   0x00000014   Code   RO         2027    i.fmc_lock          gd32f3x0_fmc.o
    0x080016b4   0x080016b4   0x0000004c   Code   RO         2029    i.fmc_page_erase    gd32f3x0_fmc.o
    0x08001700   0x08001700   0x00000022   Code   RO         2030    i.fmc_ready_wait    gd32f3x0_fmc.o
    0x08001722   0x08001722   0x00000002   PAD
    0x08001724   0x08001724   0x00000030   Code   RO         2031    i.fmc_state_get     gd32f3x0_fmc.o
    0x08001754   0x08001754   0x00000024   Code   RO         2032    i.fmc_unlock        gd32f3x0_fmc.o
    0x08001778   0x08001778   0x00000040   Code   RO         2035    i.fmc_word_program  gd32f3x0_fmc.o
    0x080017b8   0x080017b8   0x0000005e   Code   RO         2294    i.gpio_af_set       gd32f3x0_gpio.o
    0x08001816   0x08001816   0x0000004e   Code   RO         2302    i.gpio_mode_set     gd32f3x0_gpio.o
    0x08001864   0x08001864   0x0000007c   Code   RO         2304    i.gpio_output_options_set  gd32f3x0_gpio.o
    0x080018e0   0x080018e0   0x0000002c   Code   RO          805    i.hw_delay          drv_usb_hw.o
    0x0800190c   0x0800190c   0x00000070   Code   RO          806    i.hw_time_set       drv_usb_hw.o
    0x0800197c   0x0800197c   0x0000003c   Code   RO         5765    i.int_to_unicode    usbd_enum.o
    0x080019b8   0x080019b8   0x0000004c   Code   RO           12    i.main              main.o
    0x08001a04   0x08001a04   0x00000042   Code   RO         5118    i.midi_data_len     midi_parser.o
    0x08001a46   0x08001a46   0x00000002   PAD
    0x08001a48   0x08001a48   0x00000024   Code   RO          737    i.midi_deinit       usb_midi_class.o
    0x08001a6c   0x08001a6c   0x00000018   Code   RO          738    i.midi_in           usb_midi_class.o
    0x08001a84   0x08001a84   0x00000040   Code   RO          739    i.midi_init         usb_midi_class.o
    0x08001ac4   0x08001ac4   0x00000050   Code   RO          740    i.midi_out          usb_midi_class.o
    0x08001b14   0x08001b14   0x000000f2   Code   RO         5120    i.midi_parse        midi_parser.o
    0x08001c06   0x08001c06   0x0000000a   Code   RO         5121    i.midi_parser_init  midi_parser.o
    0x08001c10   0x08001c10   0x00000016   Code   RO          741    i.midi_req          usb_midi_class.o
    0x08001c26   0x08001c26   0x00000002   PAD
    0x08001c28   0x08001c28   0x00000108   Code   RO         2599    i.nvic_irq_enable   gd32f3x0_misc.o
    0x08001d30   0x08001d30   0x00000014   Code   RO         2600    i.nvic_priority_group_set  gd32f3x0_misc.o
    0x08001d44   0x08001d44   0x00000018   Code   RO         2601    i.nvic_vector_table_set  gd32f3x0_misc.o
    0x08001d5c   0x08001d5c   0x00000002   Code   RO           13    i.on_dfu_complete   main.o
    0x08001d5e   0x08001d5e   0x00000002   Code   RO           14    i.on_dfu_progress   main.o
    0x08001d60   0x08001d60   0x00000058   Code   RO           15    i.on_sysex_rx       main.o
    0x08001db8   0x08001db8   0x000000f4   Code   RO         2673    i.pmu_to_deepsleepmode  gd32f3x0_pmu.o
    0x08001eac   0x08001eac   0x0000000c   Code   RO         5062    i.rb_avail          ring_buffer.o
    0x08001eb8   0x08001eb8   0x00000008   Code   RO         5064    i.rb_init           ring_buffer.o
    0x08001ec0   0x08001ec0   0x00000022   Code   RO         5065    i.rb_pop            ring_buffer.o
    0x08001ee2   0x08001ee2   0x00000026   Code   RO         5066    i.rb_pop_blk        ring_buffer.o
    0x08001f08   0x08001f08   0x00000020   Code   RO         5067    i.rb_push           ring_buffer.o
    0x08001f28   0x08001f28   0x00000030   Code   RO         5068    i.rb_push_blk       ring_buffer.o
    0x08001f58   0x08001f58   0x0000029c   Code   RO         2803    i.rcu_clock_freq_get  gd32f3x0_rcu.o
    0x080021f4   0x080021f4   0x000000cc   Code   RO         2805    i.rcu_deinit        gd32f3x0_rcu.o
    0x080022c0   0x080022c0   0x00000020   Code   RO         2823    i.rcu_periph_clock_enable  gd32f3x0_rcu.o
    0x080022e0   0x080022e0   0x00000020   Code   RO         2826    i.rcu_periph_reset_disable  gd32f3x0_rcu.o
    0x08002300   0x08002300   0x00000020   Code   RO         2827    i.rcu_periph_reset_enable  gd32f3x0_rcu.o
    0x08002320   0x08002320   0x0000006c   Code   RO         5197    i.router_init       midi_router.o
    0x0800238c   0x0800238c   0x0000016c   Code   RO         5198    i.router_poll_all   midi_router.o
    0x080024f8   0x080024f8   0x00000010   Code   RO         5200    i.router_reg_port   midi_router.o
    0x08002508   0x08002508   0x0000000c   Code   RO         5203    i.router_set_sysex_cb  midi_router.o
    0x08002514   0x08002514   0x0000004c   Code   RO         5766    i.serial_string_get  usbd_enum.o
    0x08002560   0x08002560   0x00000036   Code   RO         5156    i.status_to_cin     usb_midi_codec.o
    0x08002596   0x08002596   0x00000002   PAD
    0x08002598   0x08002598   0x000000c4   Code   RO         5261    i.sx_feed           sysex_assembler.o
    0x0800265c   0x0800265c   0x00000010   Code   RO         5263    i.sx_is_complete    sysex_assembler.o
    0x0800266c   0x0800266c   0x0000000a   Code   RO         5264    i.sx_reset          sysex_assembler.o
    0x08002676   0x08002676   0x00000002   PAD
    0x08002678   0x08002678   0x000000dc   Code   RO         5356    i.system_clock_96m_hxtal  system_gd32f3x0.o
    0x08002754   0x08002754   0x00000008   Code   RO         5357    i.system_clock_config  system_gd32f3x0.o
    0x0800275c   0x0800275c   0x0000000a   Code   RO         3594    i.timer_auto_reload_shadow_enable  gd32f3x0_timer.o
    0x08002766   0x08002766   0x0000000a   Code   RO         3626    i.timer_disable     gd32f3x0_timer.o
    0x08002770   0x08002770   0x0000000a   Code   RO         3630    i.timer_enable      gd32f3x0_timer.o
    0x0800277a   0x0800277a   0x00000002   PAD
    0x0800277c   0x0800277c   0x000000ac   Code   RO         3640    i.timer_init        gd32f3x0_timer.o
    0x08002828   0x08002828   0x00000008   Code   RO         3646    i.timer_interrupt_disable  gd32f3x0_timer.o
    0x08002830   0x08002830   0x00000008   Code   RO         3647    i.timer_interrupt_enable  gd32f3x0_timer.o
    0x08002838   0x08002838   0x00000006   Code   RO         3648    i.timer_interrupt_flag_clear  gd32f3x0_timer.o
    0x0800283e   0x0800283e   0x0000001c   Code   RO         3649    i.timer_interrupt_flag_get  gd32f3x0_timer.o
    0x0800285a   0x0800285a   0x00000002   PAD
    0x0800285c   0x0800285c   0x0000003c   Code   RO          328    i.uart_bridge_drain_tx  uart_midi_bridge.o
    0x08002898   0x08002898   0x00000038   Code   RO          329    i.uart_bridge_init  uart_midi_bridge.o
    0x080028d0   0x080028d0   0x0000002c   Code   RO          330    i.uart_port_poll    uart_midi_bridge.o
    0x080028fc   0x080028fc   0x00000018   Code   RO          331    i.uart_port_send    uart_midi_bridge.o
    0x08002914   0x08002914   0x0000007c   Code   RO         4271    i.usart_baudrate_set  gd32f3x0_usart.o
    0x08002990   0x08002990   0x00000040   Code   RO         4279    i.usart_deinit      gd32f3x0_usart.o
    0x080029d0   0x080029d0   0x00000014   Code   RO         4282    i.usart_dma_receive_config  gd32f3x0_usart.o
    0x080029e4   0x080029e4   0x00000014   Code   RO         4283    i.usart_dma_transmit_config  gd32f3x0_usart.o
    0x080029f8   0x080029f8   0x0000000a   Code   RO         4286    i.usart_enable      gd32f3x0_usart.o
    0x08002a02   0x08002a02   0x0000001a   Code   RO         4295    i.usart_interrupt_enable  gd32f3x0_usart.o
    0x08002a1c   0x08002a1c   0x00000018   Code   RO         4311    i.usart_parity_config  gd32f3x0_usart.o
    0x08002a34   0x08002a34   0x00000010   Code   RO         4313    i.usart_receive_config  gd32f3x0_usart.o
    0x08002a44   0x08002a44   0x00000018   Code   RO         4332    i.usart_stop_bit_set  gd32f3x0_usart.o
    0x08002a5c   0x08002a5c   0x00000010   Code   RO         4334    i.usart_transmit_config  gd32f3x0_usart.o
    0x08002a6c   0x08002a6c   0x00000018   Code   RO         4338    i.usart_word_length_set  gd32f3x0_usart.o
    0x08002a84   0x08002a84   0x000000c8   Code   RO         5470    i.usb_basic_init    drv_usb_core.o
    0x08002b4c   0x08002b4c   0x000000c8   Code   RO          193    i.usb_bridge_drain_tx  usb_midi_bridge.o
    0x08002c14   0x08002c14   0x00000054   Code   RO          194    i.usb_bridge_init   usb_midi_bridge.o
    0x08002c68   0x08002c68   0x0000000c   Code   RO          618    i.usb_clock_init    bsp_usb_midi.o
    0x08002c74   0x08002c74   0x0000008c   Code   RO         5471    i.usb_core_init     drv_usb_core.o
    0x08002d00   0x08002d00   0x00000026   Code   RO         5472    i.usb_core_reset    drv_usb_core.o
    0x08002d26   0x08002d26   0x00000002   PAD
    0x08002d28   0x08002d28   0x0000000c   Code   RO         5545    i.usb_ctlep_startout  drv_usb_dev.o
    0x08002d34   0x08002d34   0x0000002e   Code   RO         5473    i.usb_curmode_set   drv_usb_core.o
    0x08002d62   0x08002d62   0x00000002   PAD
    0x08002d64   0x08002d64   0x0000014c   Code   RO         5548    i.usb_devcore_init  drv_usb_dev.o
    0x08002eb0   0x08002eb0   0x00000040   Code   RO         5549    i.usb_devint_enable  drv_usb_dev.o
    0x08002ef0   0x08002ef0   0x0000003a   Code   RO          619    i.usb_gpio_init     bsp_usb_midi.o
    0x08002f2a   0x08002f2a   0x0000002a   Code   RO         5550    i.usb_iepintr_read  drv_usb_dev.o
    0x08002f54   0x08002f54   0x0000000e   Code   RO          620    i.usb_irq_init      bsp_usb_midi.o
    0x08002f62   0x08002f62   0x0000000e   Code   RO          808    i.usb_mdelay        drv_usb_hw.o
    0x08002f70   0x08002f70   0x0000005c   Code   RO         5157    i.usb_midi_dec      usb_midi_codec.o
    0x08002fcc   0x08002fcc   0x00000030   Code   RO         5158    i.usb_midi_enc      usb_midi_codec.o
    0x08002ffc   0x08002ffc   0x000000f2   Code   RO         5159    i.usb_midi_enc_sysex  usb_midi_codec.o
    0x080030ee   0x080030ee   0x00000002   PAD
    0x080030f0   0x080030f0   0x00000050   Code   RO          742    i.usb_midi_send     usb_midi_class.o
    0x08003140   0x08003140   0x0000000c   Code   RO          743    i.usb_midi_set_rx_cb  usb_midi_class.o
    0x0800314c   0x0800314c   0x00000024   Code   RO          744    i.usb_midi_tx_ready  usb_midi_class.o
    0x08003170   0x08003170   0x00000138   Code   RO          195    i.usb_port_poll     usb_midi_bridge.o
    0x080032a8   0x080032a8   0x000000d8   Code   RO          196    i.usb_port_send     usb_midi_bridge.o
    0x08003380   0x08003380   0x00000018   Code   RO          197    i.usb_rx_isr_cb     usb_midi_bridge.o
    0x08003398   0x08003398   0x00000022   Code   RO         5474    i.usb_rxfifo_flush  drv_usb_core.o
    0x080033ba   0x080033ba   0x0000001e   Code   RO         5475    i.usb_rxfifo_read   drv_usb_core.o
    0x080033d8   0x080033d8   0x00000048   Code   RO         5476    i.usb_set_txfifo    drv_usb_core.o
    0x08003420   0x08003420   0x00000038   Code   RO          811    i.usb_timer_irq     drv_usb_hw.o
    0x08003458   0x08003458   0x00000094   Code   RO         5553    i.usb_transc_active  drv_usb_dev.o
    0x080034ec   0x080034ec   0x00000044   Code   RO         5554    i.usb_transc_clrstall  drv_usb_dev.o
    0x08003530   0x08003530   0x00000064   Code   RO         5555    i.usb_transc_deactivate  drv_usb_dev.o
    0x08003594   0x08003594   0x000000fa   Code   RO         5556    i.usb_transc_inxfer  drv_usb_dev.o
    0x0800368e   0x0800368e   0x0000007e   Code   RO         5557    i.usb_transc_outxfer  drv_usb_dev.o
    0x0800370c   0x0800370c   0x00000042   Code   RO         5558    i.usb_transc_stall  drv_usb_dev.o
    0x0800374e   0x0800374e   0x00000028   Code   RO         5477    i.usb_txfifo_flush  drv_usb_core.o
    0x08003776   0x08003776   0x00000022   Code   RO         5478    i.usb_txfifo_write  drv_usb_core.o
    0x08003798   0x08003798   0x0000000e   Code   RO          812    i.usb_udelay        drv_usb_hw.o
    0x080037a6   0x080037a6   0x00000026   Code   RO         5767    i.usbd_class_request  usbd_enum.o
    0x080037cc   0x080037cc   0x0000001c   Code   RO         5657    i.usbd_connect      usbd_core.o
    0x080037e8   0x080037e8   0x0000002e   Code   RO         5890    i.usbd_ctl_recev    usbd_transc.o
    0x08003816   0x08003816   0x0000002e   Code   RO         5891    i.usbd_ctl_send     usbd_transc.o
    0x08003844   0x08003844   0x00000020   Code   RO         5892    i.usbd_ctl_status_recev  usbd_transc.o
    0x08003864   0x08003864   0x00000020   Code   RO         5893    i.usbd_ctl_status_send  usbd_transc.o
    0x08003884   0x08003884   0x0000001c   Code   RO         5658    i.usbd_disconnect   usbd_core.o
    0x080038a0   0x080038a0   0x0000008c   Code   RO         5405    i.usbd_emptytxfifo_write  drv_usbd_int.o
    0x0800392c   0x0800392c   0x0000001e   Code   RO         5768    i.usbd_enum_error   usbd_enum.o
    0x0800394a   0x0800394a   0x00000034   Code   RO         5659    i.usbd_ep_clear     usbd_core.o
    0x0800397e   0x0800397e   0x00000034   Code   RO         5660    i.usbd_ep_recev     usbd_core.o
    0x080039b2   0x080039b2   0x00000034   Code   RO         5661    i.usbd_ep_send      usbd_core.o
    0x080039e6   0x080039e6   0x00000002   PAD
    0x080039e8   0x080039e8   0x00000070   Code   RO         5662    i.usbd_ep_setup     usbd_core.o
    0x08003a58   0x08003a58   0x0000003a   Code   RO         5663    i.usbd_ep_stall     usbd_core.o
    0x08003a92   0x08003a92   0x0000003a   Code   RO         5664    i.usbd_ep_stall_clear  usbd_core.o
    0x08003acc   0x08003acc   0x00000092   Code   RO         5894    i.usbd_in_transc    usbd_transc.o
    0x08003b5e   0x08003b5e   0x00000088   Code   RO         5666    i.usbd_init         usbd_core.o
    0x08003be6   0x08003be6   0x00000002   PAD
    0x08003be8   0x08003be8   0x00000068   Code   RO         5406    i.usbd_int_enumfinish  drv_usbd_int.o
    0x08003c50   0x08003c50   0x00000074   Code   RO         5407    i.usbd_int_epin     drv_usbd_int.o
    0x08003cc4   0x08003cc4   0x00000090   Code   RO         5408    i.usbd_int_epout    drv_usbd_int.o
    0x08003d54   0x08003d54   0x000000d8   Code   RO         5409    i.usbd_int_reset    drv_usbd_int.o
    0x08003e2c   0x08003e2c   0x000000bc   Code   RO         5410    i.usbd_int_rxfifo   drv_usbd_int.o
    0x08003ee8   0x08003ee8   0x00000068   Code   RO         5411    i.usbd_int_suspend  drv_usbd_int.o
    0x08003f50   0x08003f50   0x00000110   Code   RO         5412    i.usbd_isr          drv_usbd_int.o
    0x08004060   0x08004060   0x00000076   Code   RO         5895    i.usbd_out_transc   usbd_transc.o
    0x080040d6   0x080040d6   0x00000084   Code   RO         5896    i.usbd_setup_transc  usbd_transc.o
    0x0800415a   0x0800415a   0x00000002   PAD
    0x0800415c   0x0800415c   0x0000001c   Code   RO         5769    i.usbd_standard_request  usbd_enum.o
    0x08004178   0x08004178   0x00000006   Code   RO         5770    i.usbd_vendor_request  usbd_enum.o
    0x0800417e   0x0800417e   0x0000000a   Code   RO         6052    x$fpl$fpinit        fz_wm.l(fpinit.o)
    0x08004188   0x08004188   0x00000014   Data   RO          199    .constdata          usb_midi_bridge.o
    0x0800419c   0x0800419c   0x00000014   Data   RO          333    .constdata          uart_midi_bridge.o
    0x080041b0   0x080041b0   0x00000088   Data   RO          716    .constdata          usb_midi_desc.o
    0x08004238   0x08004238   0x0000000e   Data   RO          746    .constdata          usb_midi_class.o
    0x08004246   0x08004246   0x00000002   PAD
    0x08004248   0x08004248   0x0000000e   Data   RO         5205    .constdata          midi_router.o
    0x08004256   0x08004256   0x00000002   PAD
    0x08004258   0x08004258   0x00000034   Data   RO         5413    .constdata          drv_usbd_int.o
    0x0800428c   0x0800428c   0x00000004   Data   RO         5559    .constdata          drv_usb_dev.o
    0x08004290   0x08004290   0x00000010   Data   RO         5667    .constdata          usbd_core.o
    0x080042a0   0x080042a0   0x00000020   Data   RO         6120    Region$$Table       anon$$obj.o


    Execution Region ER_RW (Exec base: 0x20000000, Load base: 0x080042c0, Size: 0x000004d0, Max: 0xffffffff, ABSOLUTE, COMPRESSED[0x000000a0])

    Exec Addr    Load Addr    Size         Type   Attr      Idx    E Section Name        Object

    0x20000000   COMPRESSED   0x00000008   Data   RW          200    .data               usb_midi_bridge.o
    0x20000008   COMPRESSED   0x00000004   Data   RW          378    .data               bsp_system.o
    0x2000000c   COMPRESSED   0x00000005   Data   RW          525    .data               bsp_uart_midi.o
    0x20000011   COMPRESSED   0x00000003   PAD
    0x20000014   COMPRESSED   0x00000010   Data   RW          622    .data               bsp_usb_midi.o
    0x20000024   COMPRESSED   0x00000408   Data   RW          717    .data               usb_midi_desc.o
    0x2000042c   COMPRESSED   0x00000030   Data   RW          747    .data               usb_midi_class.o
    0x2000045c   COMPRESSED   0x0000000c   Data   RW          813    .data               drv_usb_hw.o
    0x20000468   COMPRESSED   0x00000008   Data   RW         5206    .data               midi_router.o
    0x20000470   COMPRESSED   0x00000004   Data   RW         5266    .data               sysex_assembler.o
    0x20000474   COMPRESSED   0x00000008   Data   RW         5312    .data               dfu_engine.o
    0x2000047c   COMPRESSED   0x00000004   Data   RW         5358    .data               system_gd32f3x0.o
    0x20000480   COMPRESSED   0x00000001   Data   RW         5414    .data               drv_usbd_int.o
    0x20000481   COMPRESSED   0x00000001   PAD
    0x20000482   COMPRESSED   0x00000008   Data   RW         5560    .data               drv_usb_dev.o
    0x2000048a   COMPRESSED   0x00000002   PAD
    0x2000048c   COMPRESSED   0x00000043   Data   RW         5771    .data               usbd_enum.o


    Execution Region ER_ZI (Exec base: 0x200004d0, Load base: 0x08004360, Size: 0x00001c88, Max: 0xffffffff, ABSOLUTE)

    Exec Addr    Load Addr    Size         Type   Attr      Idx    E Section Name        Object

    0x200004d0        -       0x00000624   Zero   RW           16    .bss                main.o
    0x20000af4        -       0x00000014   Zero   RW          198    .bss                usb_midi_bridge.o
    0x20000b08        -       0x00000118   Zero   RW          332    .bss                uart_midi_bridge.o
    0x20000c20        -       0x00000200   Zero   RW          524    .bss                bsp_uart_midi.o
    0x20000e20        -       0x000003d0   Zero   RW          621    .bss                bsp_usb_midi.o
    0x200011f0        -       0x00000088   Zero   RW          745    .bss                usb_midi_class.o
    0x20001278        -       0x00000010   Zero   RW         2678    .bss                gd32f3x0_pmu.o
    0x20001288        -       0x00000670   Zero   RW         5204    .bss                midi_router.o
    0x200018f8        -       0x00000060   Zero   RW         5994    .bss                c_w.l(libspace.o)
    0x20001958        -       0x00000400   Zero   RW            2    HEAP                startup_gd32f3x0.o
    0x20001d58        -       0x00000400   Zero   RW            1    STACK               startup_gd32f3x0.o


==============================================================================

Image component sizes


      Code (inc. data)   RO Data    RW Data    ZI Data      Debug   Object Name

       144         16          0          0          0       2043   bsp_fmc.o
       338         34          0          4          0      27825   bsp_system.o
       520         54          0          5        512       4159   bsp_uart_midi.o
       220         36          0         16        976      24051   bsp_usb_midi.o
        56          4          0          0          0       1116   crc_engine.o
       580         26          0          8          0       3934   dfu_engine.o
       634          6          0          0          0      21471   drv_usb_core.o
      1208         28          4          8          0      11189   drv_usb_dev.o
       240         28          0         12          0       3351   drv_usb_hw.o
      1284         34         52          1          0       8225   drv_usbd_int.o
       770         60          0          0          0       7949   gd32f3x0_dma.o
       290         42          0          0          0       4190   gd32f3x0_fmc.o
       296          0          0          0          0       2552   gd32f3x0_gpio.o
        48          0          0          0          0       4470   gd32f3x0_it.o
       308         28          0          0          0      27123   gd32f3x0_misc.o
       244         38          0          0         16        791   gd32f3x0_pmu.o
       968         86          0          0          0       4501   gd32f3x0_rcu.o
       252         26          0          0          0       5533   gd32f3x0_timer.o
       368         10          0          0          0       7013   gd32f3x0_usart.o
       168         20          0          0       1572      63527   main.o
       318          0          0          0          0       2448   midi_parser.o
       500         46         14          8       1648       3288   midi_router.o
       172          0          0          0          0       3995   ring_buffer.o
        64         26        336          0       2048        944   startup_gd32f3x0.o
       222         10          0          4          0       2406   sysex_assembler.o
      1000         68          0          4          0       4123   system_gd32f3x0.o
       184         26         20          0        280       3082   uart_midi_bridge.o
       836         54         20          8         20       4960   usb_midi_bridge.o
       354         40         14         48        136       6651   usb_midi_class.o
       436          0          0          0          0       3667   usb_midi_codec.o
         0          0        136       1032          0        862   usb_midi_desc.o
       576          4         16          0          0      12480   usbd_core.o
      1494         46          0         67          0      18206   usbd_enum.o
       552          0          0          0          0       5479   usbd_transc.o

    ----------------------------------------------------------------------
     15684        896        648       1232       7208     307604   Object Totals
         0          0         32          0          0          0   (incl. Generated)
        40          0          4          7          0          0   (incl. Padding)

    ----------------------------------------------------------------------

      Code (inc. data)   RO Data    RW Data    ZI Data      Debug   Library Member Name

        90          0          0          0          0          0   __dczerorl2.o
         8          0          0          0          0         68   __main.o
         0          0          0          0          0          0   __rtentry.o
        12          0          0          0          0          0   __rtentry2.o
         6          0          0          0          0          0   __rtentry4.o
        52          8          0          0          0          0   __scatter.o
        28          0          0          0          0          0   __scatter_zi.o
        16          0          0          0          0         68   aeabi_memset.o
        18          0          0          0          0         80   exit.o
         6          0          0          0          0        152   heapauxi.o
         0          0          0          0          0          0   indicate_semi.o
         2          0          0          0          0          0   libinit.o
         6          0          0          0          0          0   libinit2.o
         2          0          0          0          0          0   libshutdown.o
         2          0          0          0          0          0   libshutdown2.o
         8          4          0          0         96         68   libspace.o
        68          0          0          0          0         68   rt_memclr.o
        78          0          0          0          0         80   rt_memclr_w.o
       138          0          0          0          0         68   rt_memcpy_v6.o
       100          0          0          0          0         80   rt_memcpy_w.o
         2          0          0          0          0          0   rtexit.o
        10          0          0          0          0          0   rtexit2.o
        12          4          0          0          0         68   sys_exit.o
        74          0          0          0          0         80   sys_stackheap_outer.o
         2          0          0          0          0         68   use_no_semi.o
        10          0          0          0          0        116   fpinit.o

    ----------------------------------------------------------------------
       756         16          0          0         96       1064   Library Totals
         6          0          0          0          0          0   (incl. Padding)

    ----------------------------------------------------------------------

      Code (inc. data)   RO Data    RW Data    ZI Data      Debug   Library Name

       740         16          0          0         96        948   c_w.l
        10          0          0          0          0        116   fz_wm.l

    ----------------------------------------------------------------------
       756         16          0          0         96       1064   Library Totals

    ----------------------------------------------------------------------

==============================================================================


      Code (inc. data)   RO Data    RW Data    ZI Data      Debug   

     16440        912        648       1232       7304     288552   Grand Totals
     16440        912        648        160       7304     288552   ELF Image Totals (compressed)
     16440        912        648        160          0          0   ROM Totals

==============================================================================

    Total RO  Size (Code + RO Data)                17088 (  16.69kB)
    Total RW  Size (RW Data + ZI Data)              8536 (   8.34kB)
    Total ROM Size (Code + RO Data + RW Data)      17248 (  16.84kB)

==============================================================================

