<html>
<body>
<pre>
<h1>µVision Build Log</h1>
<h2>Tool Versions:</h2>
IDE-Version: ¦ÌVision V5.28.0.0
Copyright (C) 2019 ARM Ltd and ARM Germany GmbH. All rights reserved.
License Information: MT CN, MT, LIC=----
 
Tool Versions:
Toolchain:       MDK-Lite  Version: 5.28.0.0
Toolchain Path:  C:\Keil_v5\ARM\ARMCC\Bin
C Compiler:      Armcc.exe V5.06 update 6 (build 750)
Assembler:       Armasm.exe V5.06 update 6 (build 750)
Linker/Locator:  ArmLink.exe V5.06 update 6 (build 750)
Library Manager: ArmAr.exe V5.06 update 6 (build 750)
Hex Converter:   FromElf.exe V5.06 update 6 (build 750)
CPU DLL:         SARMCM3.DLL V5.28.0.0
Dialog DLL:      DCM.DLL V1.17.3.0
Target DLL:      UL2CM3.DLL V1.162.16.0
Dialog DLL:      TCM.DLL V1.36.2.0
 
<h2>Project:</h2>
P:\USB-Controller\Project\USB Controller.uvprojx
Project File Date:  04/17/2026

<h2>Output:</h2>
*** Using Compiler 'V5.06 update 6 (build 750)', folder: 'C:\Keil_v5\ARM\ARMCC\Bin'
Rebuild target 'Target 1'
assembling startup_gd32f3x0.s...
compiling gd32f3x0_it.c...
compiling bsp_uart_midi.c...
compiling bsp_fmc.c...
compiling gd32f3x0_cmp.c...
compiling gd32f3x0_crc.c...
compiling drv_usb_hw.c...
compiling gd32f3x0_cec.c...
compiling bsp_system.c...
compiling boot_main.c...
compiling gd32f3x0_ctc.c...
compiling gd32f3x0_adc.c...
compiling usb_midi_class.c...
compiling usb_midi_desc.c...
compiling main.c...
..\Application\main.c(12): warning:  #111-D: statement is unreachable
      return 0;
..\Application\main.c: 1 warning, 0 errors
compiling bsp_usb_midi.c...
compiling gd32f3x0_dac.c...
compiling gd32f3x0_dbg.c...
compiling gd32f3x0_dma.c...
compiling gd32f3x0_exti.c...
compiling gd32f3x0_fwdgt.c...
compiling gd32f3x0_fmc.c...
compiling gd32f3x0_misc.c...
compiling gd32f3x0_pmu.c...
compiling gd32f3x0_gpio.c...
compiling gd32f3x0_i2c.c...
compiling gd32f3x0_rcu.c...
compiling crc_engine.c...
compiling SEGGER_RTT_printf.c...
compiling SEGGER_RTT.c...
compiling gd32f3x0_spi.c...
compiling gd32f3x0_tsi.c...
compiling gd32f3x0_syscfg.c...
compiling gd32f3x0_rtc.c...
compiling gd32f3x0_timer.c...
compiling gd32f3x0_wwdgt.c...
compiling gd32f3x0_usart.c...
compiling system_gd32f3x0.c...
compiling drv_usb_core.c...
compiling drv_usbd_int.c...
compiling drv_usb_dev.c...
compiling usbd_transc.c...
compiling usbd_core.c...
compiling usbd_enum.c...
linking...
Program Size: Code=6740 RO-data=424 RW-data=92 ZI-data=3140  
".\Objects\USB Controller.axf" - 0 Error(s), 1 Warning(s).

<h2>Software Packages used:</h2>

Package Vendor: GigaDevice
                https://gd32mcu.com/data/documents/pack/GigaDevice.GD32F3x0_DFP.3.3.0.pack
                GigaDevice.GD32F3x0_DFP.3.3.0
                GigaDevice GD32F3x0 Series Device Support and Examples

<h2>Collection of Component include folders:</h2>
  .\RTE\_Target_1
  C:\Keil_v5\ARM\PACK\GigaDevice\GD32F3x0_DFP\3.3.0\Device\Include

<h2>Collection of Component Files used:</h2>
Build Time Elapsed:  00:00:03
</pre>
</body>
</html>
